Archive member included because of file (symbol)

..\..\..\..\..\..\..\Program Files (x86)\GNU Tools ARM Embedded\4.9 2014q4\arm-none-eabi\lib\armv7e-m\fpu\libm.a(lib_a-s_floor.o)
                              ..\obj\Phase_Unwrapping.o (floor)
..\..\..\..\..\..\..\Program Files (x86)\GNU Tools ARM Embedded\4.9 2014q4\arm-none-eabi\lib\armv7e-m\fpu\libm.a(lib_a-w_sqrt.o)
                              ..\obj\Circle_fitting.o (sqrt)
..\..\..\..\..\..\..\Program Files (x86)\GNU Tools ARM Embedded\4.9 2014q4\arm-none-eabi\lib\armv7e-m\fpu\libm.a(lib_a-wf_atan2.o)
                              ..\obj\main.o (atan2f)
..\..\..\..\..\..\..\Program Files (x86)\GNU Tools ARM Embedded\4.9 2014q4\arm-none-eabi\lib\armv7e-m\fpu\libm.a(lib_a-wf_sqrt.o)
                              ..\obj\arm_rms_f32.o (sqrtf)
..\..\..\..\..\..\..\Program Files (x86)\GNU Tools ARM Embedded\4.9 2014q4\arm-none-eabi\lib\armv7e-m\fpu\libm.a(lib_a-e_sqrt.o)
                              ..\..\..\..\..\..\..\Program Files (x86)\GNU Tools ARM Embedded\4.9 2014q4\arm-none-eabi\lib\armv7e-m\fpu\libm.a(lib_a-w_sqrt.o) (__ieee754_sqrt)
..\..\..\..\..\..\..\Program Files (x86)\GNU Tools ARM Embedded\4.9 2014q4\arm-none-eabi\lib\armv7e-m\fpu\libm.a(lib_a-ef_atan2.o)
                              ..\..\..\..\..\..\..\Program Files (x86)\GNU Tools ARM Embedded\4.9 2014q4\arm-none-eabi\lib\armv7e-m\fpu\libm.a(lib_a-wf_atan2.o) (__ieee754_atan2f)
..\..\..\..\..\..\..\Program Files (x86)\GNU Tools ARM Embedded\4.9 2014q4\arm-none-eabi\lib\armv7e-m\fpu\libm.a(lib_a-ef_sqrt.o)
                              ..\..\..\..\..\..\..\Program Files (x86)\GNU Tools ARM Embedded\4.9 2014q4\arm-none-eabi\lib\armv7e-m\fpu\libm.a(lib_a-wf_sqrt.o) (__ieee754_sqrtf)
..\..\..\..\..\..\..\Program Files (x86)\GNU Tools ARM Embedded\4.9 2014q4\arm-none-eabi\lib\armv7e-m\fpu\libm.a(lib_a-s_fpclassify.o)
                              ..\..\..\..\..\..\..\Program Files (x86)\GNU Tools ARM Embedded\4.9 2014q4\arm-none-eabi\lib\armv7e-m\fpu\libm.a(lib_a-w_sqrt.o) (__fpclassifyd)
..\..\..\..\..\..\..\Program Files (x86)\GNU Tools ARM Embedded\4.9 2014q4\arm-none-eabi\lib\armv7e-m\fpu\libm.a(lib_a-s_lib_ver.o)
                              ..\..\..\..\..\..\..\Program Files (x86)\GNU Tools ARM Embedded\4.9 2014q4\arm-none-eabi\lib\armv7e-m\fpu\libm.a(lib_a-w_sqrt.o) (__fdlib_version)
..\..\..\..\..\..\..\Program Files (x86)\GNU Tools ARM Embedded\4.9 2014q4\arm-none-eabi\lib\armv7e-m\fpu\libm.a(lib_a-s_matherr.o)
                              ..\..\..\..\..\..\..\Program Files (x86)\GNU Tools ARM Embedded\4.9 2014q4\arm-none-eabi\lib\armv7e-m\fpu\libm.a(lib_a-w_sqrt.o) (matherr)
..\..\..\..\..\..\..\Program Files (x86)\GNU Tools ARM Embedded\4.9 2014q4\arm-none-eabi\lib\armv7e-m\fpu\libm.a(lib_a-sf_atan.o)
                              ..\..\..\..\..\..\..\Program Files (x86)\GNU Tools ARM Embedded\4.9 2014q4\arm-none-eabi\lib\armv7e-m\fpu\libm.a(lib_a-ef_atan2.o) (atanf)
..\..\..\..\..\..\..\Program Files (x86)\GNU Tools ARM Embedded\4.9 2014q4\arm-none-eabi\lib\armv7e-m\fpu\libm.a(lib_a-sf_fabs.o)
                              ..\..\..\..\..\..\..\Program Files (x86)\GNU Tools ARM Embedded\4.9 2014q4\arm-none-eabi\lib\armv7e-m\fpu\libm.a(lib_a-ef_atan2.o) (fabsf)
..\..\..\..\..\..\..\Program Files (x86)\GNU Tools ARM Embedded\4.9 2014q4\arm-none-eabi\lib\armv7e-m\fpu\libm.a(lib_a-sf_fpclassify.o)
                              ..\..\..\..\..\..\..\Program Files (x86)\GNU Tools ARM Embedded\4.9 2014q4\arm-none-eabi\lib\armv7e-m\fpu\libm.a(lib_a-wf_sqrt.o) (__fpclassifyf)
..\..\..\..\..\..\..\Program Files (x86)\GNU Tools ARM Embedded\4.9 2014q4\lib\gcc\arm-none-eabi\4.9.3\armv7e-m\fpu\libgcc.a(_arm_addsubdf3.o)
                              ..\obj\Circle_fitting.o (__aeabi_dsub)
..\..\..\..\..\..\..\Program Files (x86)\GNU Tools ARM Embedded\4.9 2014q4\lib\gcc\arm-none-eabi\4.9.3\armv7e-m\fpu\libgcc.a(_arm_muldivdf3.o)
                              ..\obj\Circle_fitting.o (__aeabi_dmul)
..\..\..\..\..\..\..\Program Files (x86)\GNU Tools ARM Embedded\4.9 2014q4\lib\gcc\arm-none-eabi\4.9.3\armv7e-m\fpu\libgcc.a(_arm_cmpdf2.o)
                              ..\obj\Circle_fitting.o (__aeabi_dcmpeq)
..\..\..\..\..\..\..\Program Files (x86)\GNU Tools ARM Embedded\4.9 2014q4\lib\gcc\arm-none-eabi\4.9.3\armv7e-m\fpu\libgcc.a(_arm_fixdfsi.o)
                              ..\obj\arm_std_q15.o (__aeabi_d2iz)
..\..\..\..\..\..\..\Program Files (x86)\GNU Tools ARM Embedded\4.9 2014q4\lib\gcc\arm-none-eabi\4.9.3\armv7e-m\fpu\libgcc.a(_arm_truncdfsf2.o)
                              ..\obj\main.o (__aeabi_d2f)
..\..\..\..\..\..\..\Program Files (x86)\GNU Tools ARM Embedded\4.9 2014q4\lib\gcc\arm-none-eabi\4.9.3\armv7e-m\fpu\libgcc.a(_aeabi_ldivmod.o)
                              ..\obj\arm_rms_q15.o (__aeabi_ldivmod)
..\..\..\..\..\..\..\Program Files (x86)\GNU Tools ARM Embedded\4.9 2014q4\lib\gcc\arm-none-eabi\4.9.3\armv7e-m\fpu\libgcc.a(_fixsfdi.o)
[...]
Memory Configuration

Name             Origin             Length             Attributes
rom              0x08000000         0x00100000         xr
ram              0x20000000         0x00020000         xrw
ram1             0x10000000         0x00010000         xrw
*default*        0x00000000         0xffffffff

Linker script and memory map

LOAD c:/program files (x86)/gnu tools arm embedded/4.9 2014q4/bin/../lib/gcc/arm-none-eabi/4.9.3/armv7e-m/fpu/crti.o
LOAD c:/program files (x86)/gnu tools arm embedded/4.9 2014q4/bin/../lib/gcc/arm-none-eabi/4.9.3/armv7e-m/fpu/crtbegin.o
LOAD c:/program files (x86)/gnu tools arm embedded/4.9 2014q4/bin/../lib/gcc/arm-none-eabi/4.9.3/../../../../arm-none-eabi/lib/armv7e-m/fpu/crt0.o
                0x20020000                _eram = 0x20020000

.text           0x08000000    0x2224c
 *(.isr_vector)
 .isr_vector    0x08000000      0x188 ..\obj\startup_stm32f4xx.o
                0x08000000                g_pfnVectors
 *(.text*)
 .text          0x08000188       0x5c c:/program files (x86)/gnu tools arm embedded/4.9 2014q4/bin/../lib/gcc/arm-none-eabi/4.9.3/armv7e-m/fpu/crtbegin.o
 .text.USB_OTG_EnableCommonInt
                0x080001e4       0x44 ..\obj\usb_core.o
 .text.USB_OTG_CoreReset
                0x08000228       0x8c ..\obj\usb_core.o
 .text.USB_OTG_WritePacket
                0x080002b4       0x78 ..\obj\usb_core.o
                0x080002b4                USB_OTG_WritePacket
 .text.USB_OTG_ReadPacket
                0x0800032c       0x58 ..\obj\usb_core.o
                0x0800032c                USB_OTG_ReadPacket
 .text.USB_OTG_SelectCore
                0x08000384      0x174 ..\obj\usb_core.o
                0x08000384                USB_OTG_SelectCore
 .text.USB_OTG_CoreInit
                0x080004f8      0x134 ..\obj\usb_core.o
                0x080004f8                USB_OTG_CoreInit
 .text.USB_OTG_EnableGlobalInt
                0x0800062c       0x38 ..\obj\usb_core.o
                0x0800062c                USB_OTG_EnableGlobalInt
 .text.USB_OTG_DisableGlobalInt
                0x08000664       0x38 ..\obj\usb_core.o
                0x08000664                USB_OTG_DisableGlobalInt
 .text.USB_OTG_FlushTxFifo
                0x0800069c       0x7c ..\obj\usb_core.o
                0x0800069c                USB_OTG_FlushTxFifo
 .text.USB_OTG_FlushRxFifo
                0x08000718       0x60 ..\obj\usb_core.o
                0x08000718                USB_OTG_FlushRxFifo
 .text.USB_OTG_SetCurrentMode
                0x08000778       0x60 ..\obj\usb_core.o
                0x08000778                USB_OTG_SetCurrentMode
 .text.USB_OTG_GetMode
                0x080007d8       0x20 ..\obj\usb_core.o
                0x080007d8                USB_OTG_GetMode
 .text.USB_OTG_IsDeviceMode
                0x080007f8       0x24 ..\obj\usb_core.o
                0x080007f8                USB_OTG_IsDeviceMode
 .text.USB_OTG_ReadCoreItr
                0x0800081c       0x30 ..\obj\usb_core.o
                0x0800081c                USB_OTG_ReadCoreItr
 .text.USB_OTG_InitDevSpeed
                0x0800084c       0x38 ..\obj\usb_core.o
                0x0800084c                USB_OTG_InitDevSpeed
 .text.USB_OTG_CoreInitDev
                0x08000884      0x264 ..\obj\usb_core.o
                0x08000884                USB_OTG_CoreInitDev
 .text.USB_OTG_EnableDevInt
                0x08000ae8       0xa8 ..\obj\usb_core.o
                0x08000ae8                USB_OTG_EnableDevInt
 .text.USB_OTG_GetDeviceSpeed
                0x08000b90       0x48 ..\obj\usb_core.o
                0x08000b90                USB_OTG_GetDeviceSpeed
 .text.USB_OTG_EP0Activate
                0x08000bd8       0x78 ..\obj\usb_core.o
                0x08000bd8                USB_OTG_EP0Activate
 .text.USB_OTG_EPActivate
                0x08000c50       0xdc ..\obj\usb_core.o
                0x08000c50                USB_OTG_EPActivate
 .text.USB_OTG_EPDeactivate
                0x08000d2c       0x8c ..\obj\usb_core.o
                0x08000d2c                USB_OTG_EPDeactivate
 .text.USB_OTG_EPStartXfer
                0x08000db8      0x280 ..\obj\usb_core.o
                0x08000db8                USB_OTG_EPStartXfer
 .text.USB_OTG_EP0StartXfer
                0x08001038      0x1d4 ..\obj\usb_core.o
                0x08001038                USB_OTG_EP0StartXfer
 .text.USB_OTG_EPSetStall
                0x0800120c       0x88 ..\obj\usb_core.o
                0x0800120c                USB_OTG_EPSetStall
 .text.USB_OTG_EPClearStall
                0x08001294       0x78 ..\obj\usb_core.o
                0x08001294                USB_OTG_EPClearStall
 .text.USB_OTG_ReadDevAllOutEp_itr
                0x0800130c       0x2c ..\obj\usb_core.o
                0x0800130c                USB_OTG_ReadDevAllOutEp_itr
 .text.USB_OTG_ReadDevOutEP_itr
                0x08001338       0x38 ..\obj\usb_core.o
                0x08001338                USB_OTG_ReadDevOutEP_itr
 .text.USB_OTG_ReadDevAllInEPItr
                0x08001370       0x2c ..\obj\usb_core.o
                0x08001370                USB_OTG_ReadDevAllInEPItr
 .text.USB_OTG_EP0_OutStart
                0x0800139c       0x70 ..\obj\usb_core.o
                0x0800139c                USB_OTG_EP0_OutStart
 .text.USB_OTG_UngateClock
                0x0800140c       0x54 ..\obj\usb_core.o
                0x0800140c                USB_OTG_UngateClock
 .text.usb_printf
                0x08001460       0xcc ..\obj\stm32serial.o
                0x08001460                usb_printf
 .text.USBD_USR_Init
                0x0800152c        0xc ..\obj\usbd_usr.o
                0x0800152c                USBD_USR_Init
 .text.USBD_USR_DeviceReset
                0x08001538       0x28 ..\obj\usbd_usr.o
                0x08001538                USBD_USR_DeviceReset
 .text.USBD_USR_DeviceConfigured
                0x08001560       0x14 ..\obj\usbd_usr.o
                0x08001560                USBD_USR_DeviceConfigured
 .text.USBD_USR_DeviceSuspended
                0x08001574       0x14 ..\obj\usbd_usr.o
                0x08001574                USBD_USR_DeviceSuspended
 .text.USBD_USR_DeviceResumed
                0x08001588        0xc ..\obj\usbd_usr.o
                0x08001588                USBD_USR_DeviceResumed
 .text.USBD_USR_DeviceConnected
                0x08001594        0xc ..\obj\usbd_usr.o
                0x08001594                USBD_USR_DeviceConnected
 .text.USBD_USR_DeviceDisconnected
                0x080015a0       0x14 ..\obj\usbd_usr.o
                0x080015a0                USBD_USR_DeviceDisconnected
 .text.absxx    0x080015b4       0x40 ..\obj\Circle_fitting.o
                0x080015b4                absxx
 *fill*         0x080015f4        0x4 
 .text.CircleFitByTaubin
                0x080015f8      0x770 ..\obj\Circle_fitting.o
                0x080015f8                CircleFitByTaubin
 .text.Sigma    0x08001d68      0x198 ..\obj\Circle_fitting.o
                0x08001d68                Sigma
 .text.CircleFitByLevenbergMarquardtFull
                0x08001f00      0x9f8 ..\obj\Circle_fitting.o
                0x08001f00                CircleFitByLevenbergMarquardtFull
 .text.USART_Init
                0x080028f8      0x178 ..\obj\stm32f4xx_usart.o
                0x080028f8                USART_Init
 .text.USART_Cmd
                0x08002a70       0x40 ..\obj\stm32f4xx_usart.o
                0x08002a70                USART_Cmd
 .text.USART_SendData
                0x08002ab0       0x24 ..\obj\stm32f4xx_usart.o
                0x08002ab0                USART_SendData
 .text.USART_ReceiveData
                0x08002ad4       0x20 ..\obj\stm32f4xx_usart.o
                0x08002ad4                USART_ReceiveData
 .text.USART_ITConfig
                0x08002af4       0x90 ..\obj\stm32f4xx_usart.o
                0x08002af4                USART_ITConfig
 .text.USART_GetFlagStatus
                0x08002b84       0x38 ..\obj\stm32f4xx_usart.o
                0x08002b84                USART_GetFlagStatus
 .text.USART_ClearFlag
                0x08002bbc       0x20 ..\obj\stm32f4xx_usart.o
                0x08002bbc                USART_ClearFlag
 .text.USART_GetITStatus
                0x08002bdc       0xb8 ..\obj\stm32f4xx_usart.o
                0x08002bdc                USART_GetITStatus
 .text.delay_ms
                0x08002c94       0x2c ..\obj\util.o
                0x08002c94                delay_ms
 .text.DelayUs  0x08002cc0       0x2c ..\obj\util.o
                0x08002cc0                DelayUs
 .text.arm_cfft_radix4_init_q31
                0x08002cec       0xf4 ..\obj\arm_cfft_radix4_init_q31.o
                0x08002cec                arm_cfft_radix4_init_q31
 .text.DAC_SetChannel1Data
                0x08002de0       0x34 ..\obj\stm32f4xx_dac.o
                0x08002de0                DAC_SetChannel1Data
 .text.DAC_SetChannel2Data
                0x08002e14       0x34 ..\obj\stm32f4xx_dac.o
                0x08002e14                DAC_SetChannel2Data
 .text.Default_Reset_Handler
                0x08002e48       0x68 ..\obj\startup_stm32f4xx.o
                0x08002e48                Default_Reset_Handler
                0x08002e48                Reset_Handler
 .text.Default_Handler
                0x08002eb0        0x8 ..\obj\startup_stm32f4xx.o
                0x08002eb0                RTC_Alarm_IRQHandler
                0x08002eb0                HASH_RNG_IRQHandler
                0x08002eb0                EXTI2_IRQHandler
                0x08002eb0                TIM8_CC_IRQHandler
                0x08002eb0                TIM1_CC_IRQHandler
                0x08002eb0                DMA2_Stream5_IRQHandler
                0x08002eb0                DMA1_Stream5_IRQHandler
                0x08002eb0                PVD_IRQHandler
                0x08002eb0                SDIO_IRQHandler
                0x08002eb0                TAMP_STAMP_IRQHandler
                0x08002eb0                CAN2_RX1_IRQHandler
                0x08002eb0                EXTI3_IRQHandler
                0x08002eb0                TIM8_TRG_COM_TIM14_IRQHandler
                0x08002eb0                TIM1_UP_TIM10_IRQHandler
                0x08002eb0                TIM8_UP_TIM13_IRQHandler
                0x08002eb0                I2C3_ER_IRQHandler
                0x08002eb0                EXTI0_IRQHandler
                0x08002eb0                I2C2_EV_IRQHandler
                0x08002eb0                DMA1_Stream2_IRQHandler
                0x08002eb0                CAN1_RX0_IRQHandler
                0x08002eb0                FPU_IRQHandler
                0x08002eb0                OTG_HS_WKUP_IRQHandler
                0x08002eb0                CAN2_SCE_IRQHandler
                0x08002eb0                DMA2_Stream2_IRQHandler
                0x08002eb0                SPI1_IRQHandler
                0x08002eb0                TIM6_DAC_IRQHandler
                0x08002eb0                TIM1_BRK_TIM9_IRQHandler
                0x08002eb0                DCMI_IRQHandler
                0x08002eb0                CAN2_RX0_IRQHandler
                0x08002eb0                DMA2_Stream3_IRQHandler
                0x08002eb0                USART6_IRQHandler
                0x08002eb0                CRYP_IRQHandler
                0x08002eb0                CAN1_RX1_IRQHandler
                0x08002eb0                UART5_IRQHandler
                0x08002eb0                TIM4_IRQHandler
                0x08002eb0                I2C1_EV_IRQHandler
                0x08002eb0                DMA1_Stream6_IRQHandler
                0x08002eb0                DMA1_Stream1_IRQHandler
                0x08002eb0                UART4_IRQHandler
                0x08002eb0                RCC_IRQHandler
                0x08002eb0                TIM8_BRK_TIM12_IRQHandler
                0x08002eb0                EXTI15_10_IRQHandler
                0x08002eb0                ADC_IRQHandler
                0x08002eb0                DMA1_Stream7_IRQHandler
                0x08002eb0                TIM7_IRQHandler
                0x08002eb0                CAN2_TX_IRQHandler
                0x08002eb0                TIM5_IRQHandler
                0x08002eb0                DMA2_Stream7_IRQHandler
                0x08002eb0                I2C3_EV_IRQHandler
                0x08002eb0                EXTI9_5_IRQHandler
                0x08002eb0                RTC_WKUP_IRQHandler
                0x08002eb0                ETH_WKUP_IRQHandler
                0x08002eb0                SPI2_IRQHandler
                0x08002eb0                OTG_HS_EP1_IN_IRQHandler
                0x08002eb0                DMA1_Stream0_IRQHandler
                0x08002eb0                CAN1_TX_IRQHandler
                0x08002eb0                EXTI4_IRQHandler
                0x08002eb0                FSMC_IRQHandler
                0x08002eb0                ETH_IRQHandler
                0x08002eb0                OTG_HS_EP1_OUT_IRQHandler
                0x08002eb0                WWDG_IRQHandler
                0x08002eb0                TIM1_TRG_COM_TIM11_IRQHandler
                0x08002eb0                OTG_HS_IRQHandler
                0x08002eb0                EXTI1_IRQHandler
                0x08002eb0                I2C2_ER_IRQHandler
                0x08002eb0                DMA2_Stream1_IRQHandler
                0x08002eb0                CAN1_SCE_IRQHandler
                0x08002eb0                FLASH_IRQHandler
                0x08002eb0                DMA2_Stream4_IRQHandler
                0x08002eb0                USART1_IRQHandler
                0x08002eb0                SPI3_IRQHandler
                0x08002eb0                DMA1_Stream4_IRQHandler
                0x08002eb0                I2C1_ER_IRQHandler
                0x08002eb0                DMA2_Stream6_IRQHandler
                0x08002eb0                DMA1_Stream3_IRQHandler
 .text.arm_cfft_radix4_q31
                0x08002eb8       0x60 ..\obj\arm_cfft_radix4_q31.o
                0x08002eb8                arm_cfft_radix4_q31
 .text.arm_radix4_butterfly_q31
                0x08002f18      0xe20 ..\obj\arm_cfft_radix4_q31.o
                0x08002f18                arm_radix4_butterfly_q31
 .text.arm_radix4_butterfly_inverse_q31
                0x08003d38      0xe20 ..\obj\arm_cfft_radix4_q31.o
                0x08003d38                arm_radix4_butterfly_inverse_q31
 .text.USBD_Init
                0x08004b58       0x54 ..\obj\usbd_core.o
                0x08004b58                USBD_Init
 .text.USBD_DeInit
                0x08004bac       0x18 ..\obj\usbd_core.o
                0x08004bac                USBD_DeInit
 .text.USBD_SetupStage
                0x08004bc4       0x6c ..\obj\usbd_core.o
 .text.USBD_DataOutStage
                0x08004c30       0xcc ..\obj\usbd_core.o
 .text.USBD_DataInStage
                0x08004cfc      0x11c ..\obj\usbd_core.o
 .text.USBD_RunTestMode
                0x08004e18       0x24 ..\obj\usbd_core.o
 .text.USBD_Reset
                0x08004e3c       0x44 ..\obj\usbd_core.o
 .text.USBD_Resume
                0x08004e80       0x30 ..\obj\usbd_core.o
 .text.USBD_Suspend
                0x08004eb0       0x30 ..\obj\usbd_core.o
 .text.USBD_SOF
                0x08004ee0       0x2c ..\obj\usbd_core.o
 .text.USBD_SetCfg
                0x08004f0c       0x30 ..\obj\usbd_core.o
                0x08004f0c                USBD_SetCfg
 .text.USBD_ClrCfg
                0x08004f3c       0x28 ..\obj\usbd_core.o
                0x08004f3c                USBD_ClrCfg
 .text.USBD_IsoINIncomplete
                0x08004f64       0x20 ..\obj\usbd_core.o
 .text.USBD_IsoOUTIncomplete
                0x08004f84       0x20 ..\obj\usbd_core.o
 .text.USBD_DevConnected
                0x08004fa4       0x24 ..\obj\usbd_core.o
 .text.USBD_DevDisconnected
                0x08004fc8       0x34 ..\obj\usbd_core.o
 .text.NVIC_SetPriority
                0x08004ffc       0x54 ..\obj\main.o
 .text.SysTick_Config
                0x08005050       0x44 ..\obj\main.o
 .text.main     0x08005094       0x98 ..\obj\main.o
                0x08005094                main
 .text.Setup_USB_Status_LED
                0x0800512c       0x68 ..\obj\main.o
                0x0800512c                Setup_USB_Status_LED
 *fill*         0x08005194        0x4 
 .text.SysTick_Handler
                0x08005198      0x7b0 ..\obj\main.o
                0x08005198                SysTick_Handler
 .text.RCC_GetClocksFreq
                0x08005948      0x154 ..\obj\stm32f4xx_rcc.o
                0x08005948                RCC_GetClocksFreq
 .text.RCC_AHB1PeriphClockCmd
                0x08005a9c       0x3c ..\obj\stm32f4xx_rcc.o
                0x08005a9c                RCC_AHB1PeriphClockCmd
 .text.RCC_AHB2PeriphClockCmd
                0x08005ad8       0x3c ..\obj\stm32f4xx_rcc.o
                0x08005ad8                RCC_AHB2PeriphClockCmd
 .text.RCC_APB1PeriphClockCmd
                0x08005b14       0x3c ..\obj\stm32f4xx_rcc.o
                0x08005b14                RCC_APB1PeriphClockCmd
 .text.RCC_APB2PeriphClockCmd
                0x08005b50       0x3c ..\obj\stm32f4xx_rcc.o
                0x08005b50                RCC_APB2PeriphClockCmd
 .text.RCC_AHB1PeriphResetCmd
                0x08005b8c       0x3c ..\obj\stm32f4xx_rcc.o
                0x08005b8c                RCC_AHB1PeriphResetCmd
 .text.RCC_APB1PeriphResetCmd
                0x08005bc8       0x3c ..\obj\stm32f4xx_rcc.o
                0x08005bc8                RCC_APB1PeriphResetCmd
 .text.RCC_APB2PeriphResetCmd
                0x08005c04       0x3c ..\obj\stm32f4xx_rcc.o
                0x08005c04                RCC_APB2PeriphResetCmd
 .text.ADC_Init
                0x08005c40       0xa8 ..\obj\stm32f4xx_adc.o
                0x08005c40                ADC_Init
 .text.ADC_CommonInit
                0x08005ce8       0x50 ..\obj\stm32f4xx_adc.o
                0x08005ce8                ADC_CommonInit
 .text.ADC_Cmd  0x08005d38       0x38 ..\obj\stm32f4xx_adc.o
                0x08005d38                ADC_Cmd
 .text.ADC_RegularChannelConfig
                0x08005d70      0x194 ..\obj\stm32f4xx_adc.o
                0x08005d70                ADC_RegularChannelConfig
 .text.ADC_SoftwareStartConv
                0x08005f04       0x20 ..\obj\stm32f4xx_adc.o
                0x08005f04                ADC_SoftwareStartConv
 .text.ADC_MultiModeDMARequestAfterLastTransferCmd
                0x08005f24       0x38 ..\obj\stm32f4xx_adc.o
                0x08005f24                ADC_MultiModeDMARequestAfterLastTransferCmd
 .text.arm_fir_init_f32
                0x08005f5c       0x40 ..\obj\arm_fir_init_f32.o
                0x08005f5c                arm_fir_init_f32
 .text.initBGT24
                0x08005f9c       0xf4 ..\obj\BGT24_Ctrl.o
                0x08005f9c                initBGT24
 .text.TIM3_IRQHandler
                0x08006090       0xec ..\obj\BGT24_Ctrl.o
                0x08006090                TIM3_IRQHandler
 .text.ConfBGT24
                0x0800617c       0xac ..\obj\BGT24_Ctrl.o
                0x0800617c                ConfBGT24
 .text.VCO_tune
                0x08006228       0x78 ..\obj\BGT24_Ctrl.o
                0x08006228                VCO_tune
 .text.USBD_USR_DeviceDescriptor
                0x080062a0       0x24 ..\obj\usbd_desc.o
                0x080062a0                USBD_USR_DeviceDescriptor
 .text.USBD_USR_LangIDStrDescriptor
                0x080062c4       0x24 ..\obj\usbd_desc.o
                0x080062c4                USBD_USR_LangIDStrDescriptor
 .text.USBD_USR_ProductStrDescriptor
                0x080062e8       0x40 ..\obj\usbd_desc.o
                0x080062e8                USBD_USR_ProductStrDescriptor
 .text.USBD_USR_ManufacturerStrDescriptor
                0x08006328       0x28 ..\obj\usbd_desc.o
                0x08006328                USBD_USR_ManufacturerStrDescriptor
 .text.USBD_USR_SerialStrDescriptor
                0x08006350       0x40 ..\obj\usbd_desc.o
                0x08006350                USBD_USR_SerialStrDescriptor
 .text.USBD_USR_ConfigStrDescriptor
                0x08006390       0x3c ..\obj\usbd_desc.o
                0x08006390                USBD_USR_ConfigStrDescriptor
 .text.USBD_USR_InterfaceStrDescriptor
                0x080063cc       0x3c ..\obj\usbd_desc.o
                0x080063cc                USBD_USR_InterfaceStrDescriptor
 .text.arm_fir_f32
                0x08006408      0xa60 ..\obj\arm_fir_f32.o
                0x08006408                arm_fir_f32
 .text.GPIO_DeInit
                0x08006e68      0x120 ..\obj\stm32f4xx_gpio.o
                0x08006e68                GPIO_DeInit
 .text.GPIO_Init
                0x08006f88      0x11c ..\obj\stm32f4xx_gpio.o
                0x08006f88                GPIO_Init
 .text.GPIO_SetBits
                0x080070a4       0x1c ..\obj\stm32f4xx_gpio.o
                0x080070a4                GPIO_SetBits
 .text.GPIO_ResetBits
                0x080070c0       0x1c ..\obj\stm32f4xx_gpio.o
                0x080070c0                GPIO_ResetBits
 .text.GPIO_PinAFConfig
                0x080070dc       0x90 ..\obj\stm32f4xx_gpio.o
                0x080070dc                GPIO_PinAFConfig
 .text.VCP_Init
                0x0800716c       0x64 ..\obj\usbd_cdc_vcp.o
 .text.VCP_DeInit
                0x080071d0       0x10 ..\obj\usbd_cdc_vcp.o
 .text.VCP_Ctrl
                0x080071e0      0x15c ..\obj\usbd_cdc_vcp.o
 .text.VCP_DataTx
                0x0800733c       0x24 ..\obj\usbd_cdc_vcp.o
 .text.samserial_setcallback
                0x08007360       0x1c ..\obj\usbd_cdc_vcp.o
                0x08007360                samserial_setcallback
 .text.VCP_DataRx
                0x0800737c       0x54 ..\obj\usbd_cdc_vcp.o
 .text.VCP_COMConfig
                0x080073d0      0x118 ..\obj\usbd_cdc_vcp.o
 .text.USART2_IRQHandler
                0x080074e8       0x38 ..\obj\usbd_cdc_vcp.o
                0x080074e8                USART2_IRQHandler
 .text.BLE_Init
                0x08007520      0x128 ..\obj\BLE.o
                0x08007520                BLE_Init
 .text.USART3_IRQHandler
                0x08007648       0xec ..\obj\BLE.o
                0x08007648                USART3_IRQHandler
 .text.BLE_Send
                0x08007734      0x1cc ..\obj\BLE.o
                0x08007734                BLE_Send
 .text.SystemInit
                0x08007900       0x68 ..\obj\system_stm32f4xx.o
                0x08007900                SystemInit
 .text.SetSysClock
                0x08007968       0xf4 ..\obj\system_stm32f4xx.o
 .text._sbrk    0x08007a5c       0x40 ..\obj\syscalls.o
                0x08007a5c                _sbrk
 .text.DMA_DeInit
                0x08007a9c      0x1a4 ..\obj\stm32f4xx_dma.o
                0x08007a9c                DMA_DeInit
 .text.DMA_Init
                0x08007c40       0xac ..\obj\stm32f4xx_dma.o
                0x08007c40                DMA_Init
 .text.DMA_Cmd  0x08007cec       0x38 ..\obj\stm32f4xx_dma.o
                0x08007cec                DMA_Cmd
 .text.DMA_ClearFlag
                0x08007d24       0x5c ..\obj\stm32f4xx_dma.o
                0x08007d24                DMA_ClearFlag
 .text.DMA_ITConfig
                0x08007d80       0x74 ..\obj\stm32f4xx_dma.o
                0x08007d80                DMA_ITConfig
 .text.DMA_GetITStatus
                0x08007df4       0xb0 ..\obj\stm32f4xx_dma.o
                0x08007df4                DMA_GetITStatus
 .text.fft_q31  0x08007ea4       0x4c ..\obj\stm32F4xx_fft.o
                0x08007ea4                fft_q31
 .text.DetectFreq
                0x08007ef0       0x64 ..\obj\stm32F4xx_fft.o
                0x08007ef0                DetectFreq
 .text.Spectrum_Peakdetect
                0x08007f54      0x664 ..\obj\stm32F4xx_fft.o
                0x08007f54                Spectrum_Peakdetect
 .text.Hanning_Window_neu
                0x080085b8       0x64 ..\obj\stm32F4xx_fft.o
                0x080085b8                Hanning_Window_neu
 .text.Auto_Gain_AD
                0x0800861c      0x208 ..\obj\stm32F4xx_fft.o
                0x0800861c                Auto_Gain_AD
 .text.remove_DC_Vib
                0x08008824       0x8c ..\obj\stm32F4xx_fft.o
                0x08008824                remove_DC_Vib
 .text.remove_DC_Vib1
                0x080088b0       0x88 ..\obj\stm32F4xx_fft.o
                0x080088b0                remove_DC_Vib1
 .text.USB_OTG_BSP_Init
                0x08008938       0xb8 ..\obj\usb_bsp.o
                0x08008938                USB_OTG_BSP_Init
 .text.USB_OTG_BSP_EnableInterrupt
                0x080089f0       0x30 ..\obj\usb_bsp.o
                0x080089f0                USB_OTG_BSP_EnableInterrupt
 .text.USB_OTG_BSP_uDelay
                0x08008a20       0x48 ..\obj\usb_bsp.o
                0x08008a20                USB_OTG_BSP_uDelay
 .text.USB_OTG_BSP_mDelay
                0x08008a68       0x20 ..\obj\usb_bsp.o
                0x08008a68                USB_OTG_BSP_mDelay
 .text.USBD_StdDevReq
                0x08008a88       0xa0 ..\obj\usbd_req.o
                0x08008a88                USBD_StdDevReq
 .text.USBD_StdItfReq
                0x08008b28       0x68 ..\obj\usbd_req.o
                0x08008b28                USBD_StdItfReq
 .text.USBD_StdEPReq
                0x08008b90      0x1b0 ..\obj\usbd_req.o
                0x08008b90                USBD_StdEPReq
 .text.USBD_GetDescriptor
                0x08008d40      0x1b8 ..\obj\usbd_req.o
 .text.USBD_SetAddress
                0x08008ef8       0x7c ..\obj\usbd_req.o
 .text.USBD_SetConfig
                0x08008f74       0xf4 ..\obj\usbd_req.o
 .text.USBD_GetConfig
                0x08009068       0x60 ..\obj\usbd_req.o
 .text.USBD_GetStatus
                0x080090c8       0x54 ..\obj\usbd_req.o
 .text.USBD_SetFeature
                0x0800911c       0xd8 ..\obj\usbd_req.o
 .text.USBD_ClrFeature
                0x080091f4       0x50 ..\obj\usbd_req.o
 .text.USBD_ParseSetupRequest
                0x08009244       0x90 ..\obj\usbd_req.o
                0x08009244                USBD_ParseSetupRequest
 .text.USBD_CtlError
                0x080092d4       0x28 ..\obj\usbd_req.o
                0x080092d4                USBD_CtlError
 .text.USBD_GetString
                0x080092fc       0x84 ..\obj\usbd_req.o
                0x080092fc                USBD_GetString
 .text.USBD_GetLen
                0x08009380       0x30 ..\obj\usbd_req.o
 .text.USBD_OTG_ISR_Handler
                0x080093b0      0x190 ..\obj\usb_dcd_int.o
                0x080093b0                USBD_OTG_ISR_Handler
 .text.DCD_SessionRequest_ISR
                0x08009540       0x34 ..\obj\usb_dcd_int.o
 .text.DCD_OTG_ISR
                0x08009574       0x3c ..\obj\usb_dcd_int.o
 .text.DCD_HandleResume_ISR
                0x080095b0       0x80 ..\obj\usb_dcd_int.o
 .text.DCD_HandleUSBSuspend_ISR
                0x08009630       0xbc ..\obj\usb_dcd_int.o
 .text.DCD_HandleInEP_ISR
                0x080096ec      0x19c ..\obj\usb_dcd_int.o
 .text.DCD_HandleOutEP_ISR
                0x08009888      0x150 ..\obj\usb_dcd_int.o
 .text.DCD_HandleSof_ISR
                0x080099d8       0x34 ..\obj\usb_dcd_int.o
 .text.DCD_HandleRxStatusQueueLevel_ISR
                0x08009a0c      0x104 ..\obj\usb_dcd_int.o
 .text.DCD_WriteEmptyTxFifo
                0x08009b10       0xe4 ..\obj\usb_dcd_int.o
 .text.DCD_HandleUsbReset_ISR
                0x08009bf4      0x120 ..\obj\usb_dcd_int.o
 .text.DCD_HandleEnumDone_ISR
                0x08009d14       0x78 ..\obj\usb_dcd_int.o
 .text.DCD_IsoINIncomplete_ISR
                0x08009d8c       0x34 ..\obj\usb_dcd_int.o
 .text.DCD_IsoOUTIncomplete_ISR
                0x08009dc0       0x34 ..\obj\usb_dcd_int.o
 .text.DCD_ReadDevInEP
                0x08009df4       0x50 ..\obj\usb_dcd_int.o
 .text.Fir_Filter
                0x08009e44      0x11c ..\obj\FIR_Filter.o
                0x08009e44                Fir_Filter
 .text.usbd_cdc_Init
                0x08009f60       0x6c ..\obj\usbd_cdc_core.o
 .text.usbd_cdc_DeInit
                0x08009fcc       0x38 ..\obj\usbd_cdc_core.o
 .text.usbd_cdc_Setup
                0x0800a004      0x12c ..\obj\usbd_cdc_core.o
 .text.usbd_cdc_EP0_RxReady
                0x0800a130       0x44 ..\obj\usbd_cdc_core.o
 .text.usbd_cdc_DataIn
                0x0800a174       0x98 ..\obj\usbd_cdc_core.o
 .text.usbd_cdc_DataOut
                0x0800a20c       0x4c ..\obj\usbd_cdc_core.o
 .text.usbd_cdc_SOF
                0x0800a258       0x30 ..\obj\usbd_cdc_core.o
 .text.Handle_USBAsynchXfer
                0x0800a288       0xd4 ..\obj\usbd_cdc_core.o
 .text.USBD_cdc_GetCfgDesc
                0x0800a35c       0x24 ..\obj\usbd_cdc_core.o
 .text.arm_cmplx_mag_q31
                0x0800a380      0x360 ..\obj\arm_cmplx_mag_q31.o
                0x0800a380                arm_cmplx_mag_q31
 .text.SPI_I2S_DeInit
                0x0800a6e0       0x74 ..\obj\stm32f4xx_spi.o
                0x0800a6e0                SPI_I2S_DeInit
 .text.SPI_Init
                0x0800a754       0x88 ..\obj\stm32f4xx_spi.o
                0x0800a754                SPI_Init
 .text.SPI_Cmd  0x0800a7dc       0x40 ..\obj\stm32f4xx_spi.o
                0x0800a7dc                SPI_Cmd
 .text.ringbuffer_init
                0x0800a81c       0x1c ..\obj\gcode_parser.o
                0x0800a81c                ringbuffer_init
 .text.ringbuffer_numFree
                0x0800a838       0x1c ..\obj\gcode_parser.o
                0x0800a838                ringbuffer_numFree
 .text.ringbuffer_put
                0x0800a854       0x3c ..\obj\gcode_parser.o
                0x0800a854                ringbuffer_put
 .text.gcode_datareceived
                0x0800a890       0x2c ..\obj\gcode_parser.o
 .text.gcode_init
                0x0800a8bc       0x3c ..\obj\gcode_parser.o
                0x0800a8bc                gcode_init
 .text.EXTI_ClearITPendingBit
                0x0800a8f8       0x1c ..\obj\stm32f4xx_exti.o
                0x0800a8f8                EXTI_ClearITPendingBit
 .text.NVIC_PriorityGroupConfig
                0x0800a914       0x24 ..\obj\misc.o
                0x0800a914                NVIC_PriorityGroupConfig
 .text.NVIC_Init
                0x0800a938       0xc0 ..\obj\misc.o
                0x0800a938                NVIC_Init
 .text.DCD_Init
                0x0800a9f8      0x104 ..\obj\usb_dcd.o
                0x0800a9f8                DCD_Init
 .text.DCD_EP_Open
                0x0800aafc       0xac ..\obj\usb_dcd.o
                0x0800aafc                DCD_EP_Open
 .text.DCD_EP_Close
                0x0800aba8       0x74 ..\obj\usb_dcd.o
                0x0800aba8                DCD_EP_Close
 .text.DCD_EP_PrepareRx
                0x0800ac1c       0x84 ..\obj\usb_dcd.o
                0x0800ac1c                DCD_EP_PrepareRx
 .text.DCD_EP_Tx
                0x0800aca0       0x78 ..\obj\usb_dcd.o
                0x0800aca0                DCD_EP_Tx
 .text.DCD_EP_Stall
                0x0800ad18       0x78 ..\obj\usb_dcd.o
                0x0800ad18                DCD_EP_Stall
 .text.DCD_EP_ClrStall
                0x0800ad90       0x78 ..\obj\usb_dcd.o
                0x0800ad90                DCD_EP_ClrStall
 .text.DCD_EP_SetAddress
                0x0800ae08       0x3c ..\obj\usb_dcd.o
                0x0800ae08                DCD_EP_SetAddress
 .text.NMI_Handler
                0x0800ae44        0xc ..\obj\stm32fxxx_it.o
                0x0800ae44                NMI_Handler
 .text.HardFault_Handler
                0x0800ae50        0x8 ..\obj\stm32fxxx_it.o
                0x0800ae50                HardFault_Handler
 .text.MemManage_Handler
                0x0800ae58        0x8 ..\obj\stm32fxxx_it.o
                0x0800ae58                MemManage_Handler
 .text.BusFault_Handler
                0x0800ae60        0x8 ..\obj\stm32fxxx_it.o
                0x0800ae60                BusFault_Handler
 .text.UsageFault_Handler
                0x0800ae68        0x8 ..\obj\stm32fxxx_it.o
                0x0800ae68                UsageFault_Handler
 .text.SVC_Handler
                0x0800ae70        0xc ..\obj\stm32fxxx_it.o
                0x0800ae70                SVC_Handler
 .text.DebugMon_Handler
                0x0800ae7c        0xc ..\obj\stm32fxxx_it.o
                0x0800ae7c                DebugMon_Handler
 .text.PendSV_Handler
                0x0800ae88        0xc ..\obj\stm32fxxx_it.o
                0x0800ae88                PendSV_Handler
 .text.OTG_FS_WKUP_IRQHandler
                0x0800ae94       0x34 ..\obj\stm32fxxx_it.o
                0x0800ae94                OTG_FS_WKUP_IRQHandler
 .text.OTG_FS_IRQHandler
                0x0800aec8       0x10 ..\obj\stm32fxxx_it.o
                0x0800aec8                OTG_FS_IRQHandler
 .text.SPI_Config
                0x0800aed8       0xec ..\obj\driver_dogm128.o
                0x0800aed8                SPI_Config
 .text.USBD_CtlSendData
                0x0800afc4       0x40 ..\obj\usbd_ioreq.o
                0x0800afc4                USBD_CtlSendData
 .text.USBD_CtlContinueSendData
                0x0800b004       0x28 ..\obj\usbd_ioreq.o
                0x0800b004                USBD_CtlContinueSendData
 .text.USBD_CtlPrepareRx
                0x0800b02c       0x40 ..\obj\usbd_ioreq.o
                0x0800b02c                USBD_CtlPrepareRx
 .text.USBD_CtlContinueRx
                0x0800b06c       0x28 ..\obj\usbd_ioreq.o
                0x0800b06c                USBD_CtlContinueRx
 .text.USBD_CtlSendStatus
                0x0800b094       0x30 ..\obj\usbd_ioreq.o
                0x0800b094                USBD_CtlSendStatus
 .text.USBD_CtlReceiveStatus
                0x0800b0c4       0x30 ..\obj\usbd_ioreq.o
                0x0800b0c4                USBD_CtlReceiveStatus
 .text.arm_sqrt_q31
                0x0800b0f4      0x30c ..\obj\arm_sqrt_q31.o
                0x0800b0f4                arm_sqrt_q31
 .text.arm_bitreversal_q31
                0x0800b400      0x1b4 ..\obj\arm_bitreversal.o
                0x0800b400                arm_bitreversal_q31
 .text.SoftSPI_Config
                0x0800b5b4       0x58 ..\obj\PGA_Ctrl.o
                0x0800b5b4                SoftSPI_Config
 .text.spi_out_pedge
                0x0800b60c       0x70 ..\obj\PGA_Ctrl.o
                0x0800b60c                spi_out_pedge
 .text.spi_out_nedge
                0x0800b67c       0x70 ..\obj\PGA_Ctrl.o
                0x0800b67c                spi_out_nedge
 .text.ConfPGA  0x0800b6ec       0x48 ..\obj\PGA_Ctrl.o
                0x0800b6ec                ConfPGA
 .text.TIM_DeInit
                0x0800b734      0x1bc ..\obj\stm32f4xx_tim.o
                0x0800b734                TIM_DeInit
 .text.TIM_TimeBaseInit
                0x0800b8f0       0xd4 ..\obj\stm32f4xx_tim.o
                0x0800b8f0                TIM_TimeBaseInit
 .text.TIM_UpdateRequestConfig
                0x0800b9c4       0x40 ..\obj\stm32f4xx_tim.o
                0x0800b9c4                TIM_UpdateRequestConfig
 .text.TIM_Cmd  0x0800ba04       0x40 ..\obj\stm32f4xx_tim.o
                0x0800ba04                TIM_Cmd
 .text.TIM_OC2Init
                0x0800ba44      0x110 ..\obj\stm32f4xx_tim.o
                0x0800ba44                TIM_OC2Init
 .text.TIM_ICInit
                0x0800bb54       0xa8 ..\obj\stm32f4xx_tim.o
                0x0800bb54                TIM_ICInit
 .text.TIM_GetCapture3
                0x0800bbfc       0x18 ..\obj\stm32f4xx_tim.o
                0x0800bbfc                TIM_GetCapture3
 .text.TIM_SetIC1Prescaler
                0x0800bc14       0x38 ..\obj\stm32f4xx_tim.o
                0x0800bc14                TIM_SetIC1Prescaler
 .text.TIM_SetIC2Prescaler
                0x0800bc4c       0x3c ..\obj\stm32f4xx_tim.o
                0x0800bc4c                TIM_SetIC2Prescaler
 .text.TIM_SetIC3Prescaler
                0x0800bc88       0x38 ..\obj\stm32f4xx_tim.o
                0x0800bc88                TIM_SetIC3Prescaler
 .text.TIM_SetIC4Prescaler
                0x0800bcc0       0x3c ..\obj\stm32f4xx_tim.o
                0x0800bcc0                TIM_SetIC4Prescaler
 .text.TIM_CtrlPWMOutputs
                0x0800bcfc       0x4c ..\obj\stm32f4xx_tim.o
                0x0800bcfc                TIM_CtrlPWMOutputs
 .text.TIM_ITConfig
                0x0800bd48       0x48 ..\obj\stm32f4xx_tim.o
                0x0800bd48                TIM_ITConfig
 .text.TIM_GetITStatus
                0x0800bd90       0x54 ..\obj\stm32f4xx_tim.o
                0x0800bd90                TIM_GetITStatus
 .text.TIM_ClearITPendingBit
                0x0800bde4       0x20 ..\obj\stm32f4xx_tim.o
                0x0800bde4                TIM_ClearITPendingBit
 .text.TI1_Config
                0x0800be04       0x84 ..\obj\stm32f4xx_tim.o
 .text.TI2_Config
                0x0800be88       0x98 ..\obj\stm32f4xx_tim.o
 .text.TI3_Config
                0x0800bf20       0x90 ..\obj\stm32f4xx_tim.o
 .text.TI4_Config
                0x0800bfb0       0x9c ..\obj\stm32f4xx_tim.o
 .text.initadc  0x0800c04c      0x21c ..\obj\stm32adc.o
                0x0800c04c                initadc
 .text.TIM2_IRQHandler
                0x0800c268       0x6c ..\obj\stm32adc.o
                0x0800c268                TIM2_IRQHandler
 .text.DMA2_Stream0_IRQHandler
                0x0800c2d4       0x9c ..\obj\stm32adc.o
                0x0800c2d4                DMA2_Stream0_IRQHandler
 .text.sqrt     0x0800c370       0xbc ..\..\..\..\..\..\..\Program Files (x86)\GNU Tools ARM Embedded\4.9 2014q4\arm-none-eabi\lib\armv7e-m\fpu\libm.a(lib_a-w_sqrt.o)
                0x0800c370                sqrt
 .text.atan2f   0x0800c42c        0x4 ..\..\..\..\..\..\..\Program Files (x86)\GNU Tools ARM Embedded\4.9 2014q4\arm-none-eabi\lib\armv7e-m\fpu\libm.a(lib_a-wf_atan2.o)
                0x0800c42c                atan2f
 .text.__ieee754_sqrt
                0x0800c430      0x1a8 ..\..\..\..\..\..\..\Program Files (x86)\GNU Tools ARM Embedded\4.9 2014q4\arm-none-eabi\lib\armv7e-m\fpu\libm.a(lib_a-e_sqrt.o)
                0x0800c430                __ieee754_sqrt
 .text.__ieee754_atan2f
                0x0800c5d8      0x16c ..\..\..\..\..\..\..\Program Files (x86)\GNU Tools ARM Embedded\4.9 2014q4\arm-none-eabi\lib\armv7e-m\fpu\libm.a(lib_a-ef_atan2.o)
                0x0800c5d8                __ieee754_atan2f
 .text.__fpclassifyd
                0x0800c744       0x5c ..\..\..\..\..\..\..\Program Files (x86)\GNU Tools ARM Embedded\4.9 2014q4\arm-none-eabi\lib\armv7e-m\fpu\libm.a(lib_a-s_fpclassify.o)
                0x0800c744                __fpclassifyd
 .text.matherr  0x0800c7a0        0x4 ..\..\..\..\..\..\..\Program Files (x86)\GNU Tools ARM Embedded\4.9 2014q4\arm-none-eabi\lib\armv7e-m\fpu\libm.a(lib_a-s_matherr.o)
                0x0800c7a0                matherr
 .text.atanf    0x0800c7a4      0x1b8 ..\..\..\..\..\..\..\Program Files (x86)\GNU Tools ARM Embedded\4.9 2014q4\arm-none-eabi\lib\armv7e-m\fpu\libm.a(lib_a-sf_atan.o)
                0x0800c7a4                atanf
 .text.fabsf    0x0800c95c       0x10 ..\..\..\..\..\..\..\Program Files (x86)\GNU Tools ARM Embedded\4.9 2014q4\arm-none-eabi\lib\armv7e-m\fpu\libm.a(lib_a-sf_fabs.o)
                0x0800c95c                fabsf
 .text          0x0800c96c      0x370 ..\..\..\..\..\..\..\Program Files (x86)\GNU Tools ARM Embedded\4.9 2014q4\lib\gcc\arm-none-eabi\4.9.3\armv7e-m\fpu\libgcc.a(_arm_addsubdf3.o)
                0x0800c96c                __aeabi_drsub
                0x0800c974                __aeabi_dsub
                0x0800c974                __subdf3
                0x0800c978                __aeabi_dadd
                0x0800c978                __adddf3
                0x0800cbf0                __floatunsidf
                0x0800cbf0                __aeabi_ui2d
                0x0800cc10                __floatsidf
                0x0800cc10                __aeabi_i2d
                0x0800cc34                __aeabi_f2d
                0x0800cc34                __extendsfdf2
                0x0800cc70                __floatundidf
                0x0800cc70                __aeabi_ul2d
                0x0800cc80                __floatdidf
                0x0800cc80                __aeabi_l2d
 .text          0x0800ccdc      0x424 ..\..\..\..\..\..\..\Program Files (x86)\GNU Tools ARM Embedded\4.9 2014q4\lib\gcc\arm-none-eabi\4.9.3\armv7e-m\fpu\libgcc.a(_arm_muldivdf3.o)
                0x0800ccdc                __aeabi_dmul
                0x0800ccdc                __muldf3
                0x0800cf30                __divdf3
                0x0800cf30                __aeabi_ddiv
 .text          0x0800d100      0x110 ..\..\..\..\..\..\..\Program Files (x86)\GNU Tools ARM Embedded\4.9 2014q4\lib\gcc\arm-none-eabi\4.9.3\armv7e-m\fpu\libgcc.a(_arm_cmpdf2.o)
                0x0800d100                __gtdf2
                0x0800d100                __gedf2
                0x0800d108                __ltdf2
                0x0800d108                __ledf2
                0x0800d110                __nedf2
                0x0800d110                __eqdf2
                0x0800d110                __cmpdf2
                0x0800d18c                __aeabi_cdrcmple
                0x0800d19c                __aeabi_cdcmpeq
                0x0800d19c                __aeabi_cdcmple
                0x0800d1ac                __aeabi_dcmpeq
                0x0800d1c0                __aeabi_dcmplt
                0x0800d1d4                __aeabi_dcmple
                0x0800d1e8                __aeabi_dcmpge
                0x0800d1fc                __aeabi_dcmpgt
 .text          0x0800d210       0x50 ..\..\..\..\..\..\..\Program Files (x86)\GNU Tools ARM Embedded\4.9 2014q4\lib\gcc\arm-none-eabi\4.9.3\armv7e-m\fpu\libgcc.a(_arm_fixdfsi.o)
                0x0800d210                __aeabi_d2iz
                0x0800d210                __fixdfsi
 .text          0x0800d260       0xa0 ..\..\..\..\..\..\..\Program Files (x86)\GNU Tools ARM Embedded\4.9 2014q4\lib\gcc\arm-none-eabi\4.9.3\armv7e-m\fpu\libgcc.a(_arm_truncdfsf2.o)
                0x0800d260                __truncdfsf2
                0x0800d260                __aeabi_d2f
 .text          0x0800d300       0x60 ..\..\..\..\..\..\..\Program Files (x86)\GNU Tools ARM Embedded\4.9 2014q4\lib\gcc\arm-none-eabi\4.9.3\armv7e-m\fpu\libgcc.a(bpabi.o)
                0x0800d300                __gnu_ldivmod_helper
                0x0800d330                __gnu_uldivmod_helper
 .text          0x0800d360        0x4 ..\..\..\..\..\..\..\Program Files (x86)\GNU Tools ARM Embedded\4.9 2014q4\lib\gcc\arm-none-eabi\4.9.3\armv7e-m\fpu\libgcc.a(_dvmd_tls.o)
                0x0800d360                __aeabi_idiv0
                0x0800d360                __aeabi_ldiv0
 .text          0x0800d364      0x29c ..\..\..\..\..\..\..\Program Files (x86)\GNU Tools ARM Embedded\4.9 2014q4\lib\gcc\arm-none-eabi\4.9.3\armv7e-m\fpu\libgcc.a(_divdi3.o)
                0x0800d364                __divdi3
 .text          0x0800d600      0x26c ..\..\..\..\..\..\..\Program Files (x86)\GNU Tools ARM Embedded\4.9 2014q4\lib\gcc\arm-none-eabi\4.9.3\armv7e-m\fpu\libgcc.a(_udivdi3.o)
                0x0800d600                __udivdi3
 .text.__errno  0x0800d86c        0xc ..\..\..\..\..\..\..\Program Files (x86)\GNU Tools ARM Embedded\4.9 2014q4\arm-none-eabi\lib\armv7e-m\fpu\libg.a(lib_a-errno.o)
                0x0800d86c                __errno
 .text.memset   0x0800d878       0x9c ..\..\..\..\..\..\..\Program Files (x86)\GNU Tools ARM Embedded\4.9 2014q4\arm-none-eabi\lib\armv7e-m\fpu\libg.a(lib_a-memset.o)
                0x0800d878                memset
 .text._vsprintf_r
                0x0800d914       0x34 ..\..\..\..\..\..\..\Program Files (x86)\GNU Tools ARM Embedded\4.9 2014q4\arm-none-eabi\lib\armv7e-m\fpu\libg.a(lib_a-vsprintf.o)
                0x0800d914                _vsprintf_r
 .text.vsprintf
                0x0800d948       0x18 ..\..\..\..\..\..\..\Program Files (x86)\GNU Tools ARM Embedded\4.9 2014q4\arm-none-eabi\lib\armv7e-m\fpu\libg.a(lib_a-vsprintf.o)
                0x0800d948                vsprintf
 .text.startup.register_fini
                0x0800d960       0x14 ..\..\..\..\..\..\..\Program Files (x86)\GNU Tools ARM Embedded\4.9 2014q4\arm-none-eabi\lib\armv7e-m\fpu\libg.a(lib_a-__call_atexit.o)
 .text.atexit   0x0800d974        0xc ..\..\..\..\..\..\..\Program Files (x86)\GNU Tools ARM Embedded\4.9 2014q4\arm-none-eabi\lib\armv7e-m\fpu\libg.a(lib_a-atexit.o)
                0x0800d974                atexit
 .text.quorem   0x0800d980      0x12c ..\..\..\..\..\..\..\Program Files (x86)\GNU Tools ARM Embedded\4.9 2014q4\arm-none-eabi\lib\armv7e-m\fpu\libg.a(lib_a-dtoa.o)
 *fill*         0x0800daac        0x4 
 .text._dtoa_r  0x0800dab0      0xea8 ..\..\..\..\..\..\..\Program Files (x86)\GNU Tools ARM Embedded\4.9 2014q4\arm-none-eabi\lib\armv7e-m\fpu\libg.a(lib_a-dtoa.o)
                0x0800dab0                _dtoa_r
 .text.__libc_fini_array
                0x0800e958       0x2c ..\..\..\..\..\..\..\Program Files (x86)\GNU Tools ARM Embedded\4.9 2014q4\arm-none-eabi\lib\armv7e-m\fpu\libg.a(lib_a-fini.o)
                0x0800e958                __libc_fini_array
 .text._malloc_trim_r
                0x0800e984       0x9c ..\..\..\..\..\..\..\Program Files (x86)\GNU Tools ARM Embedded\4.9 2014q4\arm-none-eabi\lib\armv7e-m\fpu\libg.a(lib_a-freer.o)
                0x0800e984                _malloc_trim_r
 .text._free_r  0x0800ea20      0x1b0 ..\..\..\..\..\..\..\Program Files (x86)\GNU Tools ARM Embedded\4.9 2014q4\arm-none-eabi\lib\armv7e-m\fpu\libg.a(lib_a-freer.o)
                0x0800ea20                _free_r
 .text._localeconv_r
                0x0800ebd0        0x8 ..\..\..\..\..\..\..\Program Files (x86)\GNU Tools ARM Embedded\4.9 2014q4\arm-none-eabi\lib\armv7e-m\fpu\libg.a(lib_a-locale.o)
                0x0800ebd0                _localeconv_r
 .text._malloc_r
                0x0800ebd8      0x51c ..\..\..\..\..\..\..\Program Files (x86)\GNU Tools ARM Embedded\4.9 2014q4\arm-none-eabi\lib\armv7e-m\fpu\libg.a(lib_a-mallocr.o)
                0x0800ebd8                _malloc_r
 .text.memchr   0x0800f0f4       0x94 ..\..\..\..\..\..\..\Program Files (x86)\GNU Tools ARM Embedded\4.9 2014q4\arm-none-eabi\lib\armv7e-m\fpu\libg.a(lib_a-memchr.o)
                0x0800f0f4                memchr
 .text          0x0800f188      0x134 ..\..\..\..\..\..\..\Program Files (x86)\GNU Tools ARM Embedded\4.9 2014q4\arm-none-eabi\lib\armv7e-m\fpu\libg.a(lib_a-memcpy.o)
                0x0800f188                memcpy
 .text.__malloc_lock
                0x0800f2bc        0x4 ..\..\..\..\..\..\..\Program Files (x86)\GNU Tools ARM Embedded\4.9 2014q4\arm-none-eabi\lib\armv7e-m\fpu\libg.a(lib_a-mlock.o)
                0x0800f2bc                __malloc_lock
 .text.__malloc_unlock
                0x0800f2c0        0x4 ..\..\..\..\..\..\..\Program Files (x86)\GNU Tools ARM Embedded\4.9 2014q4\arm-none-eabi\lib\armv7e-m\fpu\libg.a(lib_a-mlock.o)
                0x0800f2c0                __malloc_unlock
 .text._Balloc  0x0800f2c4       0x4c ..\..\..\..\..\..\..\Program Files (x86)\GNU Tools ARM Embedded\4.9 2014q4\arm-none-eabi\lib\armv7e-m\fpu\libg.a(lib_a-mprec.o)
                0x0800f2c4                _Balloc
 .text._Bfree   0x0800f310       0x14 ..\..\..\..\..\..\..\Program Files (x86)\GNU Tools ARM Embedded\4.9 2014q4\arm-none-eabi\lib\armv7e-m\fpu\libg.a(lib_a-mprec.o)
                0x0800f310                _Bfree
 .text.__multadd
                0x0800f324       0x84 ..\..\..\..\..\..\..\Program Files (x86)\GNU Tools ARM Embedded\4.9 2014q4\arm-none-eabi\lib\armv7e-m\fpu\libg.a(lib_a-mprec.o)
                0x0800f324                __multadd
 .text.__hi0bits
                0x0800f3a8       0x40 ..\..\..\..\..\..\..\Program Files (x86)\GNU Tools ARM Embedded\4.9 2014q4\arm-none-eabi\lib\armv7e-m\fpu\libg.a(lib_a-mprec.o)
                0x0800f3a8                __hi0bits
 .text.__lo0bits
                0x0800f3e8       0x5c ..\..\..\..\..\..\..\Program Files (x86)\GNU Tools ARM Embedded\4.9 2014q4\arm-none-eabi\lib\armv7e-m\fpu\libg.a(lib_a-mprec.o)
                0x0800f3e8                __lo0bits
 .text.__i2b    0x0800f444       0x14 ..\..\..\..\..\..\..\Program Files (x86)\GNU Tools ARM Embedded\4.9 2014q4\arm-none-eabi\lib\armv7e-m\fpu\libg.a(lib_a-mprec.o)
                0x0800f444                __i2b
 .text.__multiply
                0x0800f458      0x134 ..\..\..\..\..\..\..\Program Files (x86)\GNU Tools ARM Embedded\4.9 2014q4\arm-none-eabi\lib\armv7e-m\fpu\libg.a(lib_a-mprec.o)
                0x0800f458                __multiply
 .text.__pow5mult
                0x0800f58c       0xa0 ..\..\..\..\..\..\..\Program Files (x86)\GNU Tools ARM Embedded\4.9 2014q4\arm-none-eabi\lib\armv7e-m\fpu\libg.a(lib_a-mprec.o)
                0x0800f58c                __pow5mult
 .text.__lshift
                0x0800f62c       0xac ..\..\..\..\..\..\..\Program Files (x86)\GNU Tools ARM Embedded\4.9 2014q4\arm-none-eabi\lib\armv7e-m\fpu\libg.a(lib_a-mprec.o)
                0x0800f62c                __lshift
 .text.__mcmp   0x0800f6d8       0x48 ..\..\..\..\..\..\..\Program Files (x86)\GNU Tools ARM Embedded\4.9 2014q4\arm-none-eabi\lib\armv7e-m\fpu\libg.a(lib_a-mprec.o)
                0x0800f6d8                __mcmp
 .text.__mdiff  0x0800f720       0xd4 ..\..\..\..\..\..\..\Program Files (x86)\GNU Tools ARM Embedded\4.9 2014q4\arm-none-eabi\lib\armv7e-m\fpu\libg.a(lib_a-mprec.o)
                0x0800f720                __mdiff
 .text.__d2b    0x0800f7f4       0xbc ..\..\..\..\..\..\..\Program Files (x86)\GNU Tools ARM Embedded\4.9 2014q4\arm-none-eabi\lib\armv7e-m\fpu\libg.a(lib_a-mprec.o)
                0x0800f7f4                __d2b
 .text._sbrk_r  0x0800f8b0       0x24 ..\..\..\..\..\..\..\Program Files (x86)\GNU Tools ARM Embedded\4.9 2014q4\arm-none-eabi\lib\armv7e-m\fpu\libg.a(lib_a-sbrkr.o)
                0x0800f8b0                _sbrk_r
 .text.strlen   0x0800f8d4       0x5c ..\..\..\..\..\..\..\Program Files (x86)\GNU Tools ARM Embedded\4.9 2014q4\arm-none-eabi\lib\armv7e-m\fpu\libg.a(lib_a-strlen.o)
                0x0800f8d4                strlen
 .text._svfprintf_r
                0x0800f930     0x14d0 ..\..\..\..\..\..\..\Program Files (x86)\GNU Tools ARM Embedded\4.9 2014q4\arm-none-eabi\lib\armv7e-m\fpu\libg.a(lib_a-svfprintf.o)
                0x0800f930                _svfprintf_r
 .text.__register_exitproc
                0x08010e00       0xa4 ..\..\..\..\..\..\..\Program Files (x86)\GNU Tools ARM Embedded\4.9 2014q4\arm-none-eabi\lib\armv7e-m\fpu\libg.a(lib_a-__atexit.o)
                0x08010e00                __register_exitproc
 .text._calloc_r
                0x08010ea4       0x60 ..\..\..\..\..\..\..\Program Files (x86)\GNU Tools ARM Embedded\4.9 2014q4\arm-none-eabi\lib\armv7e-m\fpu\libg.a(lib_a-callocr.o)
                0x08010ea4                _calloc_r
 .text.memmove  0x08010f04       0xc8 ..\..\..\..\..\..\..\Program Files (x86)\GNU Tools ARM Embedded\4.9 2014q4\arm-none-eabi\lib\armv7e-m\fpu\libg.a(lib_a-memmove.o)
                0x08010f04                memmove
 .text._realloc_r
                0x08010fcc      0x3ec ..\..\..\..\..\..\..\Program Files (x86)\GNU Tools ARM Embedded\4.9 2014q4\arm-none-eabi\lib\armv7e-m\fpu\libg.a(lib_a-reallocr.o)
                0x08010fcc                _realloc_r
 .text.__ssprint_r
                0x080113b8      0x104 ..\..\..\..\..\..\..\Program Files (x86)\GNU Tools ARM Embedded\4.9 2014q4\arm-none-eabi\lib\armv7e-m\fpu\libg.a(lib_a-svfiprintf.o)
                0x080113b8                __ssprint_r
 .text          0x080114bc       0x2c ..\..\..\..\..\..\..\Program Files (x86)\GNU Tools ARM Embedded\4.9 2014q4\lib\gcc\arm-none-eabi\4.9.3\armv7e-m\fpu\libgcc.a(_aeabi_uldivmod.o)
                0x080114bc                __aeabi_uldivmod
 *(.init)
 .init          0x080114e8        0x4 c:/program files (x86)/gnu tools arm embedded/4.9 2014q4/bin/../lib/gcc/arm-none-eabi/4.9.3/armv7e-m/fpu/crti.o
                0x080114e8                _init
 .init          0x080114ec        0x8 c:/program files (x86)/gnu tools arm embedded/4.9 2014q4/bin/../lib/gcc/arm-none-eabi/4.9.3/armv7e-m/fpu/crtn.o
 *(.fini)
 .fini          0x080114f4        0x4 c:/program files (x86)/gnu tools arm embedded/4.9 2014q4/bin/../lib/gcc/arm-none-eabi/4.9.3/armv7e-m/fpu/crti.o
                0x080114f4                _fini
 .fini          0x080114f8        0x8 c:/program files (x86)/gnu tools arm embedded/4.9 2014q4/bin/../lib/gcc/arm-none-eabi/4.9.3/armv7e-m/fpu/crtn.o
 *crtbegin.o(.ctors)
 *crtbegin?.o(.ctors)
 *(EXCLUDE_FILE(*crtend.o *crtend?.o) .ctors)
 *(SORT(.ctors.*))
 *(.ctors)
 *crtbegin.o(.dtors)
 *crtbegin?.o(.dtors)
 *(EXCLUDE_FILE(*crtend.o *crtend?.o) .dtors)
 *(SORT(.dtors.*))
 *(.dtors)
 *(.rodata*)
 .rodata        0x08011500     0xf980 ..\obj\arm_common_tables.o
                0x08011500                armBitRevTable
                0x08011d00                twiddleCoef
                0x08017d00                twiddleCoefQ31
                0x0801dd00                twiddleCoefQ15
                0x08020d00                armRecipTableQ15
                0x08020d80                armRecipTableQ31
 .rodata        0x08020e80       0x98 ..\obj\usbd_desc.o
 .rodata        0x08020f18     0x1010 ..\obj\stm32F4xx_fft.o
                0x08020f18                HanningTable1024
 .rodata        0x08021f28      0x174 ..\obj\FIR_Filter.o
                0x08021f28                firCoeffs32_10k
                0x08021fa4                firCoeffs32_30k
                0x08022020                firCoeffs32_60k
 .rodata.str1.4
                0x0802209c        0x5 ..\..\..\..\..\..\..\Program Files (x86)\GNU Tools ARM Embedded\4.9 2014q4\arm-none-eabi\lib\armv7e-m\fpu\libm.a(lib_a-w_sqrt.o)
                                  0x8 (size before relaxing)
 *fill*         0x080220a1        0x3 
 .rodata.atanlo
                0x080220a4       0x10 ..\..\..\..\..\..\..\Program Files (x86)\GNU Tools ARM Embedded\4.9 2014q4\arm-none-eabi\lib\armv7e-m\fpu\libm.a(lib_a-sf_atan.o)
 .rodata.atanhi
                0x080220b4       0x10 ..\..\..\..\..\..\..\Program Files (x86)\GNU Tools ARM Embedded\4.9 2014q4\arm-none-eabi\lib\armv7e-m\fpu\libm.a(lib_a-sf_atan.o)
 .rodata.str1.4
                0x080220c4        0x2 ..\..\..\..\..\..\..\Program Files (x86)\GNU Tools ARM Embedded\4.9 2014q4\arm-none-eabi\lib\armv7e-m\fpu\libg.a(lib_a-impure.o)
                                  0x4 (size before relaxing)
 *fill*         0x080220c6        0x2 
 .rodata._global_impure_ptr
                0x080220c8        0x4 ..\..\..\..\..\..\..\Program Files (x86)\GNU Tools ARM Embedded\4.9 2014q4\arm-none-eabi\lib\armv7e-m\fpu\libg.a(lib_a-impure.o)
                0x080220c8                _global_impure_ptr
 .rodata.str1.4
                0x080220cc       0x12 ..\..\..\..\..\..\..\Program Files (x86)\GNU Tools ARM Embedded\4.9 2014q4\arm-none-eabi\lib\armv7e-m\fpu\libg.a(lib_a-dtoa.o)
                                 0x14 (size before relaxing)
 *fill*         0x080220de        0x2 
 .rodata.str1.4
                0x080220e0        0xa ..\..\..\..\..\..\..\Program Files (x86)\GNU Tools ARM Embedded\4.9 2014q4\arm-none-eabi\lib\armv7e-m\fpu\libg.a(lib_a-locale.o)
                                 0x14 (size before relaxing)
 *fill*         0x080220ea        0x6 
 .rodata.__mprec_tens
                0x080220f0       0xc8 ..\..\..\..\..\..\..\Program Files (x86)\GNU Tools ARM Embedded\4.9 2014q4\arm-none-eabi\lib\armv7e-m\fpu\libg.a(lib_a-mprec.o)
                0x080220f0                __mprec_tens
 .rodata.__mprec_bigtens
                0x080221b8       0x28 ..\..\..\..\..\..\..\Program Files (x86)\GNU Tools ARM Embedded\4.9 2014q4\arm-none-eabi\lib\armv7e-m\fpu\libg.a(lib_a-mprec.o)
                0x080221b8                __mprec_bigtens
 .rodata.p05.5265
                0x080221e0        0xc ..\..\..\..\..\..\..\Program Files (x86)\GNU Tools ARM Embedded\4.9 2014q4\arm-none-eabi\lib\armv7e-m\fpu\libg.a(lib_a-mprec.o)
 .rodata.blanks.6794
                0x080221ec       0x10 ..\..\..\..\..\..\..\Program Files (x86)\GNU Tools ARM Embedded\4.9 2014q4\arm-none-eabi\lib\armv7e-m\fpu\libg.a(lib_a-svfprintf.o)
 .rodata.str1.4
                0x080221fc       0x40 ..\..\..\..\..\..\..\Program Files (x86)\GNU Tools ARM Embedded\4.9 2014q4\arm-none-eabi\lib\armv7e-m\fpu\libg.a(lib_a-svfprintf.o)
                                 0x44 (size before relaxing)
 .rodata.zeroes.6795
                0x0802223c       0x10 ..\..\..\..\..\..\..\Program Files (x86)\GNU Tools ARM Embedded\4.9 2014q4\arm-none-eabi\lib\armv7e-m\fpu\libg.a(lib_a-svfprintf.o)
 *(.eh_fram e*)

.eh_frame       0x0802224c        0x0
 .eh_frame      0x0802224c        0x0 c:/program files (x86)/gnu tools arm embedded/4.9 2014q4/bin/../lib/gcc/arm-none-eabi/4.9.3/armv7e-m/fpu/crtbegin.o

.glue_7         0x0802224c        0x0
 .glue_7        0x00000000        0x0 linker stubs

.glue_7t        0x0802224c        0x0
 .glue_7t       0x00000000        0x0 linker stubs

.vfp11_veneer   0x0802224c        0x0
 .vfp11_veneer  0x00000000        0x0 linker stubs

.v4_bx          0x0802224c        0x0
 .v4_bx         0x00000000        0x0 linker stubs

.iplt           0x0802224c        0x0
 .iplt          0x00000000        0x0 c:/program files (x86)/gnu tools arm embedded/4.9 2014q4/bin/../lib/gcc/arm-none-eabi/4.9.3/armv7e-m/fpu/crtbegin.o

.ARM.extab
 *(.ARM.extab* .gnu.linkonce.armextab.*)
                0x0802224c                __exidx_start = .

.ARM.exidx      0x0802224c        0x8
 *(.ARM.exidx* .gnu.linkonce.armexidx.*)
 .ARM.exidx     0x0802224c        0x8 ..\..\..\..\..\..\..\Program Files (x86)\GNU Tools ARM Embedded\4.9 2014q4\lib\gcc\arm-none-eabi\4.9.3\armv7e-m\fpu\libgcc.a(_divdi3.o)
 .ARM.exidx     0x08022254        0x0 ..\..\..\..\..\..\..\Program Files (x86)\GNU Tools ARM Embedded\4.9 2014q4\lib\gcc\arm-none-eabi\4.9.3\armv7e-m\fpu\libgcc.a(_udivdi3.o)
                                  0x8 (size before relaxing)
                0x08022254                __exidx_end = .
                0x08022254                __etext = .
                0x08022254                _sidata = __etext

.rel.dyn        0x08022254        0x0
 .rel.iplt      0x00000000        0x0 c:/program files (x86)/gnu tools arm embedded/4.9 2014q4/bin/../lib/gcc/arm-none-eabi/4.9.3/armv7e-m/fpu/crtbegin.o

.data           0x20000000      0xa64 load address 0x08022254
                0x20000000                __data_start__ = .
                0x20000000                _sdata = __data_start__
 *(vtable)
 *(.data*)
 .data          0x20000000        0x4 ..\obj\stm32serial.o
                0x20000000                packet_sent
 .data          0x20000004       0x1c ..\obj\usbd_usr.o
                0x20000004                USR_cb
 .data          0x20000020       0x30 ..\obj\usbd_core.o
                0x20000020                USBD_DCD_INT_cb
                0x2000004c                USBD_DCD_INT_fops
 .data          0x20000050       0x40 ..\obj\main.o
                0x20000050                packet_receive
                0x20000054                bladecnt
                0x20000056                sample_interval
                0x20000058                samplerate
                0x2000005c                dma_enabled
                0x20000060                PGAgainIDX
                0x20000070                PGAConfig_Index
                0x2000007e                autogain
                0x20000080                rpm_updaterate
                0x20000082                PGA_gain
                0x20000084                update_rate
                0x20000088                pk_treshold
                0x2000008c                countt
 .data          0x20000090       0x10 ..\obj\stm32f4xx_rcc.o
 .data          0x200000a0        0x4 ..\obj\BGT24_Ctrl.o
 .data          0x200000a4       0x40 ..\obj\usbd_desc.o
                0x200000a4                USR_desc
                0x200000c0                USBD_DeviceDesc
                0x200000d4                USBD_DeviceQualifierDesc
                0x200000e0                USBD_LangIDDesc
 .data          0x200000e4       0x1c ..\obj\usbd_cdc_vcp.o
                0x200000e4                linecoding
                0x200000ec                VCP_fops
 .data          0x20000100        0x1 ..\obj\BLE.o
                0x20000100                Freq_index_send
 *fill*         0x20000101        0x3 
 .data          0x20000104       0x14 ..\obj\system_stm32f4xx.o
                0x20000104                SystemCoreClock
                0x20000108                AHBPrescTable
 .data          0x20000118        0x2 ..\obj\stm32F4xx_fft.o
 *fill*         0x2000011a        0x2 
 .data          0x2000011c        0x8 ..\obj\FIR_Filter.o
                0x2000011c                blockSize
                0x20000120                numBlocks
 .data          0x20000124       0x74 ..\obj\usbd_cdc_core.o
                0x20000124                usbd_cdc_CfgDesc
                0x2000016c                USBD_CDC_cb
 .data          0x20000198       0x44 ..\obj\stm32adc.o
                0x20000198                Freq_Value
                0x200001b8                Freq_Timer
 .data.__fdlib_version
                0x200001dc        0x1 ..\..\..\..\..\..\..\Program Files (x86)\GNU Tools ARM Embedded\4.9 2014q4\arm-none-eabi\lib\armv7e-m\fpu\libm.a(lib_a-s_lib_ver.o)
                0x200001dc                __fdlib_version
 *fill*         0x200001dd        0x3 
 .data.impure_data
                0x200001e0      0x428 ..\..\..\..\..\..\..\Program Files (x86)\GNU Tools ARM Embedded\4.9 2014q4\arm-none-eabi\lib\armv7e-m\fpu\libg.a(lib_a-impure.o)
 .data._impure_ptr
                0x20000608        0x4 ..\..\..\..\..\..\..\Program Files (x86)\GNU Tools ARM Embedded\4.9 2014q4\arm-none-eabi\lib\armv7e-m\fpu\libg.a(lib_a-impure.o)
                0x20000608                _impure_ptr
 .data.lconv    0x2000060c       0x38 ..\..\..\..\..\..\..\Program Files (x86)\GNU Tools ARM Embedded\4.9 2014q4\arm-none-eabi\lib\armv7e-m\fpu\libg.a(lib_a-locale.o)
 .data.__malloc_av_
                0x20000644      0x408 ..\..\..\..\..\..\..\Program Files (x86)\GNU Tools ARM Embedded\4.9 2014q4\arm-none-eabi\lib\armv7e-m\fpu\libg.a(lib_a-mallocr.o)
                0x20000644                __malloc_av_
 .data.__malloc_trim_threshold
                0x20000a4c        0x4 ..\..\..\..\..\..\..\Program Files (x86)\GNU Tools ARM Embedded\4.9 2014q4\arm-none-eabi\lib\armv7e-m\fpu\libg.a(lib_a-mallocr.o)
                0x20000a4c                __malloc_trim_threshold
 .data.__malloc_sbrk_base
                0x20000a50        0x4 ..\..\..\..\..\..\..\Program Files (x86)\GNU Tools ARM Embedded\4.9 2014q4\arm-none-eabi\lib\armv7e-m\fpu\libg.a(lib_a-mallocr.o)
                0x20000a50                __malloc_sbrk_base
                0x20000a54                . = ALIGN (0x4)
                0x20000a54                PROVIDE (__preinit_array_start, .)
 *(.preinit_array)
                0x20000a54                PROVIDE (__preinit_array_end, .)
                0x20000a54                . = ALIGN (0x4)
                0x20000a54                PROVIDE (__init_array_start, .)
 *(SORT(.init_array.*))
 .init_array.00000
                0x20000a54        0x4 ..\..\..\..\..\..\..\Program Files (x86)\GNU Tools ARM Embedded\4.9 2014q4\arm-none-eabi\lib\armv7e-m\fpu\libg.a(lib_a-__call_atexit.o)
 *(.init_array)
 .init_array    0x20000a58        0x4 c:/program files (x86)/gnu tools arm embedded/4.9 2014q4/bin/../lib/gcc/arm-none-eabi/4.9.3/armv7e-m/fpu/crtbegin.o
                0x20000a5c                PROVIDE (__init_array_end, .)
                0x20000a5c                . = ALIGN (0x4)
                0x20000a5c                PROVIDE (__fini_array_start, .)
 *(SORT(.fini_array.*))
 *(.fini_array)
 .fini_array    0x20000a5c        0x4 c:/program files (x86)/gnu tools arm embedded/4.9 2014q4/bin/../lib/gcc/arm-none-eabi/4.9.3/armv7e-m/fpu/crtbegin.o
                0x20000a60                PROVIDE (__fini_array_end, .)
 *(.jcr*)
 .jcr           0x20000a60        0x0 c:/program files (x86)/gnu tools arm embedded/4.9 2014q4/bin/../lib/gcc/arm-none-eabi/4.9.3/armv7e-m/fpu/crtbegin.o
 .jcr           0x20000a60        0x4 c:/program files (x86)/gnu tools arm embedded/4.9 2014q4/bin/../lib/gcc/arm-none-eabi/4.9.3/armv7e-m/fpu/crtend.o
                0x20000a64                . = ALIGN (0x4)
                0x20000a64                __data_end__ = .
                0x20000a64                _edata = __data_end__

.igot.plt       0x20000a64        0x0 load address 0x08022cb8
 .igot.plt      0x00000000        0x0 c:/program files (x86)/gnu tools arm embedded/4.9 2014q4/bin/../lib/gcc/arm-none-eabi/4.9.3/armv7e-m/fpu/crtbegin.o

.bss            0x20000a68    0x1debc load address 0x08022cc0
                0x20000a68                . = ALIGN (0x4)
                0x20000a68                __bss_start__ = .
                0x20000a68                _sbss = __bss_start__
 *(.bss*)
 .bss           0x20000a68       0x1c c:/program files (x86)/gnu tools arm embedded/4.9 2014q4/bin/../lib/gcc/arm-none-eabi/4.9.3/armv7e-m/fpu/crtbegin.o
 .bss           0x20000a84       0x1c ..\obj\main.o
                0x20000a84                pulsecnt
                0x20000a86                flag
                0x20000a88                DMA_suspended
                0x20000a8c                Timing_Delay
                0x20000a90                Amplicount
                0x20000a94                sum
                0x20000a98                Send_Ok
 .bss           0x20000aa0        0x4 ..\obj\usbd_cdc_vcp.o
 .bss           0x20000aa4        0xc ..\obj\BLE.o
                0x20000aa8                counnnt
                0x20000aac                counnnt1
 .bss           0x20000ab0        0x4 ..\obj\syscalls.o
 .bss           0x20000ab4       0x10 ..\obj\usbd_req.o
                0x20000ab4                USBD_ep_status
                0x20000ab8                USBD_default_cfg
                0x20000abc                USBD_cfg_status
 .bss           0x20000ac4        0x4 ..\obj\FIR_Filter.o
                0x20000ac4                Fir_Filter_Toggle
 .bss           0x20000ac8       0x1c ..\obj\usbd_cdc_core.o
                0x20000acc                APP_Rx_ptr_in
                0x20000ad0                APP_Rx_ptr_out
                0x20000ad4                APP_Rx_length
                0x20000ad8                USB_Tx_State
 .bss           0x20000ae4      0x224 ..\obj\gcode_parser.o
 .bss.__malloc_max_total_mem
                0x20000d08        0x4 ..\..\..\..\..\..\..\Program Files (x86)\GNU Tools ARM Embedded\4.9 2014q4\arm-none-eabi\lib\armv7e-m\fpu\libg.a(lib_a-mallocr.o)
                0x20000d08                __malloc_max_total_mem
 .bss.__malloc_max_sbrked_mem
                0x20000d0c        0x4 ..\..\..\..\..\..\..\Program Files (x86)\GNU Tools ARM Embedded\4.9 2014q4\arm-none-eabi\lib\armv7e-m\fpu\libg.a(lib_a-mallocr.o)
                0x20000d0c                __malloc_max_sbrked_mem
 .bss.__malloc_top_pad
                0x20000d10        0x4 ..\..\..\..\..\..\..\Program Files (x86)\GNU Tools ARM Embedded\4.9 2014q4\arm-none-eabi\lib\armv7e-m\fpu\libg.a(lib_a-mallocr.o)
                0x20000d10                __malloc_top_pad
 .bss.__malloc_current_mallinfo
                0x20000d14       0x28 ..\..\..\..\..\..\..\Program Files (x86)\GNU Tools ARM Embedded\4.9 2014q4\arm-none-eabi\lib\armv7e-m\fpu\libg.a(lib_a-mallocr.o)
                0x20000d14                __malloc_current_mallinfo
 *(COMMON)
 COMMON         0x20000d3c      0x100 ..\obj\stm32serial.o
                0x20000d3c                printBuffer
 *fill*         0x20000e3c        0x4 
 COMMON         0x20000e40       0x60 ..\obj\Circle_fitting.o
                0x20000e40                Old
                0x20000e70                New
 COMMON         0x20000ea0        0x4 ..\obj\usbd_core.o
                0x20000ea0                SET_TEST_MODE
 COMMON         0x20000ea4    0x1a720 ..\obj\main.o
                0x20000ea4                DeBuf2
                0x20002ea4                minAmpli
                0x20002ea8                HannBuf3
                0x20004ea8                no_of_peaks
                0x20004eac                peakIdcsList
                0x20004efc                mean_IIR
                0x20004f00                ADCBuffer1
                0x20005700                Maxpeakk
                0x20005704                Excel1
                0x20005f04                HannBuf1
                0x20007f04                Freq3
                0x20007f08                IC3ReadValue1
                0x20007f0c                Maxpeak2
                0x20007f10                Maxpeak3
                0x20007f14                debug
                0x20007f18                TIM3Freq
                0x20007f1c                Unwrap_Phase
                0x20008f1c                CaptureNumber
                0x20008f20                Freq2
                0x20008f24                Vibration_A_w
                0x20009f24                Maxpeak_d
                0x20009f28                Vibration_A
                0x2000af28                ADCBuffer2
                0x2000b728                DeHannBuf2
                0x2000d728                ADCBuffer
                0x2000e728                HannBuf2
                0x20010728                LCDGain
                0x2001072a                ADC_min_value
                0x2001072c                Ampli
                0x2001072e                ADC_max_value
                0x20010730                GPIO_InitStruct
                0x20010738                DeBuf1
                0x20012738                temp_TresholdVek
                0x20014738                USB_OTG_dev
                0x20014d2c                IC3ReadValue2
                0x20014d30                Freq1
                0x20014d34                DeHannBuf1
                0x20016d34                HannBuf
                0x20018d34                maxAmpli
                0x20018d38                Excel2
                0x20019538                wheelfreq
                0x2001953c                Capture
                0x20019540                Phasearray
                0x2001a540                peakValList
                0x2001a590                Maxpeak1
                0x2001a594                Freq_Send
                0x2001a598                fft_output3
                0x2001b598                Ampliarray
 COMMON         0x2001b5c4       0x10 ..\obj\usbd_cdc_vcp.o
                0x2001b5c4                USART_InitStructure
 COMMON         0x2001b5d4      0x579 ..\obj\BLE.o
                0x2001b5d4                fs
                0x2001b804                NumBuf
                0x2001b818                send
                0x2001b868                Peak_send
                0x2001b908                ClickState
                0x2001b909                key_rpt
                0x2001b90a                USART3_Re
                0x2001b90b                fr
                0x2001b90c                wheel_val
                0x2001b910                send1
                0x2001b924                enc_delta
                0x2001b925                key_press
                0x2001b928                fil
                0x2001bb4c                key_state
 *fill*         0x2001bb4d        0x3 
 COMMON         0x2001bb50       0xff ..\obj\usbd_req.o
                0x2001bb50                USBD_StrDesc
 *fill*         0x2001bc4f        0x1 
 COMMON         0x2001bc50     0x20fc ..\obj\FIR_Filter.o
                0x2001bc50                outputF32
                0x2001cc50                firCoeffs32
                0x2001cc54                inputF32
                0x2001dc54                firStateF32
 COMMON         0x2001dd4c      0x88c ..\obj\usbd_cdc_core.o
                0x2001dd4c                usbd_cdc_OtherCfgDesc
                0x2001dd90                USB_Rx_Buffer
                0x2001ddd0                CmdBuff
                0x2001ddd8                APP_Rx_Buffer
 COMMON         0x2001e5d8      0x342 ..\obj\driver_dogm128.o
                0x2001e5d8                disp_ram
                0x2001e908                SPI_InitStructure
 *fill*         0x2001e91a        0x2 
 COMMON         0x2001e91c        0x4 ..\obj\stm32adc.o
                0x2001e91c                Freq_index
 COMMON         0x2001e920        0x4 ..\..\..\..\..\..\..\Program Files (x86)\GNU Tools ARM Embedded\4.9 2014q4\arm-none-eabi\lib\armv7e-m\fpu\libg.a(lib_a-reent.o)
                0x2001e920                errno
                0x2001e924                . = ALIGN (0x4)
                0x2001e924                __bss_end__ = .
                0x2001e924                _ebss = __bss_end__

.heap           0x2001e924        0x0
                0x2001e924                __end__ = .
                0x2001e924                _end = __end__
                0x2001e924                end = __end__
 *(.heap*)
                0x2001e924                __HeapLimit = .

.co_stack       0x2001e924      0x804 load address 0x08040b7c
                0x2001e928                . = ALIGN (0x8)
 *fill*         0x2001e924        0x4 
 *(.co_stack .co_stack.*)
 .co_stack      0x2001e928      0x800 ..\obj\startup_stm32f4xx.o
                0x2001e928                pulStack
                0x20020000                __StackTop = (ORIGIN (ram) + 0x20000)
                0x2001f7fc                __StackLimit = (__StackTop - SIZEOF (.co_stack))
                0x20020000                PROVIDE (__stack, __StackTop)
                0x00000001                ASSERT ((__StackLimit >= __HeapLimit), region ram  overflowed with stack)
LOAD ..\obj\arm_mat_inverse_f32.o
LOAD ..\obj\arm_cfft_radix2_q31.o
LOAD ..\obj\arm_add_q7.o
LOAD ..\obj\arm_scale_q7.o
LOAD ..\obj\arm_mat_add_f32.o
LOAD ..\obj\unicode.o
LOAD ..\obj\usb_core.o
LOAD ..\obj\stm32serial.o
LOAD ..\obj\arm_q31_to_float.o
LOAD ..\obj\arm_cfft_radix4_q15.o
LOAD ..\obj\arm_pid_init_q31.o
LOAD ..\obj\arm_float_to_q7.o
LOAD ..\obj\arm_q31_to_q7.o
LOAD ..\obj\arm_conv_partial_opt_q15.o
LOAD ..\obj\arm_biquad_cascade_df1_q15.o
LOAD ..\obj\arm_cmplx_dot_prod_q15.o
LOAD ..\obj\arm_fir_decimate_fast_q15.o
LOAD ..\obj\arm_cfft_radix4_f32.o
LOAD ..\obj\arm_sin_cos_q31.o
LOAD ..\obj\arm_scale_q31.o
LOAD ..\obj\arm_fir_sparse_init_q31.o
LOAD ..\obj\arm_rfft_q15.o
LOAD ..\obj\arm_correlate_q7.o
LOAD ..\obj\arm_biquad_cascade_df1_f32.o
LOAD ..\obj\arm_cmplx_dot_prod_f32.o
LOAD ..\obj\arm_conv_partial_opt_q7.o
LOAD ..\obj\arm_cmplx_mult_real_q31.o
LOAD ..\obj\arm_q15_to_q31.o
LOAD ..\obj\arm_abs_q7.o
LOAD ..\obj\usbd_usr.o
LOAD ..\obj\arm_fill_q31.o
LOAD ..\obj\arm_common_tables.o
LOAD ..\obj\arm_rfft_f32.o
LOAD ..\obj\arm_q7_to_q15.o
LOAD ..\obj\arm_conv_q7.o
LOAD ..\obj\Circle_fitting.o
LOAD ..\obj\arm_sin_q31.o
LOAD ..\obj\arm_fir_sparse_q15.o
LOAD ..\obj\arm_dot_prod_q15.o
LOAD ..\obj\arm_q15_to_float.o
LOAD ..\obj\stm32f4xx_usart.o
LOAD ..\obj\arm_correlate_fast_q15.o
LOAD ..\obj\util.o
LOAD ..\obj\arm_biquad_cascade_df2T_init_f32.o
LOAD ..\obj\arm_lms_init_q15.o
LOAD ..\obj\arm_correlate_q31.o
LOAD ..\obj\arm_fir_sparse_f32.o
LOAD ..\obj\arm_max_q31.o
LOAD ..\obj\arm_conv_partial_q15.o
LOAD ..\obj\arm_biquad_cascade_df1_32x64_q31.o
LOAD ..\obj\arm_dot_prod_f32.o
LOAD ..\obj\arm_conv_fast_opt_q15.o
LOAD ..\obj\arm_dct4_init_q15.o
LOAD ..\obj\arm_cfft_radix4_init_q31.o
LOAD ..\obj\arm_lms_init_f32.o
LOAD ..\obj\arm_rms_q15.o
LOAD ..\obj\arm_conv_partial_f32.o
LOAD ..\obj\arm_dct4_init_f32.o
LOAD ..\obj\arm_mat_mult_q31.o
LOAD ..\obj\arm_fir_interpolate_init_q31.o
LOAD ..\obj\arm_shift_q31.o
LOAD ..\obj\arm_fill_q7.o
LOAD ..\obj\arm_iir_lattice_init_q15.o
LOAD ..\obj\arm_mult_q31.o
LOAD ..\obj\arm_fir_lattice_q15.o
LOAD ..\obj\arm_rms_f32.o
LOAD ..\obj\stm32f4xx_dac.o
LOAD ..\obj\arm_biquad_cascade_df1_init_q15.o
LOAD ..\obj\arm_std_q15.o
LOAD ..\obj\arm_mat_add_q31.o
LOAD ..\obj\arm_iir_lattice_init_f32.o
LOAD ..\obj\arm_abs_q15.o
LOAD ..\obj\arm_fir_sparse_q7.o
LOAD ..\obj\arm_fir_lattice_f32.o
LOAD ..\obj\arm_negate_q7.o
LOAD ..\obj\arm_sub_q15.o
LOAD ..\obj\commands.o
LOAD ..\obj\arm_biquad_cascade_df1_init_f32.o
LOAD ..\obj\arm_std_f32.o
LOAD ..\obj\startup_stm32f4xx.o
LOAD ..\obj\arm_mat_init_q15.o
LOAD ..\obj\arm_conv_q15.o
LOAD ..\obj\arm_abs_f32.o
LOAD ..\obj\arm_fir_lattice_init_q15.o
LOAD ..\obj\arm_sub_f32.o
LOAD ..\obj\arm_cfft_radix4_q31.o
LOAD ..\obj\arm_q15_to_q7.o
LOAD ..\obj\arm_mat_init_f32.o
LOAD ..\obj\arm_conv_f32.o
LOAD ..\obj\arm_fir_lattice_init_f32.o
LOAD ..\obj\arm_biquad_cascade_df1_q31.o
LOAD ..\obj\arm_cmplx_dot_prod_q31.o
LOAD ..\obj\arm_fir_decimate_fast_q31.o
LOAD ..\obj\arm_rfft_init_q15.o
LOAD ..\obj\arm_conv_partial_fast_q15.o
LOAD ..\obj\arm_min_q15.o
LOAD ..\obj\arm_q7_to_float.o
LOAD ..\obj\usbd_core.o
LOAD ..\obj\arm_correlate_fast_opt_q15.o
LOAD ..\obj\main.o
LOAD ..\obj\Phase_Unwrapping.o
LOAD ..\obj\arm_conv_opt_q15.o
LOAD ..\obj\arm_rfft_q31.o
LOAD ..\obj\arm_fir_q7.o
LOAD ..\obj\stm32f4xx_rcc.o
LOAD ..\obj\arm_cfft_radix2_init_q15.o
LOAD ..\obj\arm_rfft_init_f32.o
LOAD ..\obj\arm_min_f32.o
LOAD ..\obj\arm_fir_sparse_init_q7.o
LOAD ..\obj\arm_q7_to_q31.o
LOAD ..\obj\arm_cfft_radix2_init_f32.o
LOAD ..\obj\arm_dct4_q15.o
LOAD ..\obj\arm_fir_sparse_q31.o
LOAD ..\obj\arm_fir_init_q15.o
LOAD ..\obj\arm_dot_prod_q31.o
LOAD ..\obj\arm_correlate_fast_q31.o
LOAD ..\obj\arm_cmplx_conj_q15.o
LOAD ..\obj\stm32f4xx_adc.o
LOAD ..\obj\arm_dct4_f32.o
LOAD ..\obj\arm_lms_init_q31.o
LOAD ..\obj\arm_iir_lattice_q15.o
LOAD ..\obj\arm_conv_partial_q31.o
LOAD ..\obj\arm_fir_init_f32.o
LOAD ..\obj\arm_dct4_init_q31.o
LOAD ..\obj\arm_cmplx_conj_f32.o
LOAD ..\obj\arm_power_q15.o
LOAD ..\obj\arm_rms_q31.o
LOAD ..\obj\arm_iir_lattice_f32.o
LOAD ..\obj\arm_shift_q7.o
LOAD ..\obj\arm_iir_lattice_init_q31.o
LOAD ..\obj\arm_fir_fast_q15.o
LOAD ..\obj\arm_fir_lattice_q31.o
LOAD ..\obj\arm_power_f32.o
LOAD ..\obj\dac.o
LOAD ..\obj\arm_lms_norm_q15.o
LOAD ..\obj\arm_biquad_cascade_df1_init_q31.o
LOAD ..\obj\arm_cmplx_mag_q15.o
LOAD ..\obj\arm_std_q31.o
LOAD ..\obj\arm_fir_decimate_q15.o
LOAD ..\obj\arm_abs_q31.o
LOAD ..\obj\arm_pid_reset_q15.o
LOAD ..\obj\arm_copy_q15.o
LOAD ..\obj\arm_sub_q31.o
LOAD ..\obj\arm_lms_norm_f32.o
LOAD ..\obj\BGT24_Ctrl.o
LOAD ..\obj\arm_cmplx_mag_f32.o
LOAD ..\obj\usbd_desc.o
LOAD ..\obj\arm_fir_decimate_f32.o
LOAD ..\obj\arm_mat_init_q31.o
LOAD ..\obj\arm_cmplx_mag_squared_q15.o
LOAD ..\obj\arm_conv_q31.o
LOAD ..\obj\arm_copy_f32.o
LOAD ..\obj\arm_pid_reset_f32.o
LOAD ..\obj\arm_conv_partial_fast_opt_q15.o
LOAD ..\obj\arm_fir_lattice_init_q31.o
LOAD ..\obj\syscall.o
LOAD ..\obj\arm_fir_q15.o
LOAD ..\obj\arm_add_q15.o
LOAD ..\obj\arm_fir_interpolate_q15.o
LOAD ..\obj\arm_cmplx_mag_squared_f32.o
LOAD ..\obj\menu.o
LOAD ..\obj\arm_fir_f32.o
LOAD ..\obj\arm_add_f32.o
LOAD ..\obj\arm_conv_partial_fast_q31.o
LOAD ..\obj\arm_rfft_init_q31.o
LOAD ..\obj\arm_min_q31.o
LOAD ..\obj\arm_conv_partial_q7.o
LOAD ..\obj\arm_fir_interpolate_f32.o
LOAD ..\obj\arm_fir_init_q7.o
LOAD ..\obj\arm_lms_norm_init_q15.o
LOAD ..\obj\arm_cfft_radix2_init_q31.o
LOAD ..\obj\arm_mean_q15.o
LOAD ..\obj\stm32f4xx_gpio.o
LOAD ..\obj\arm_biquad_cascade_df1_32x64_init_q31.o
LOAD ..\obj\usbd_cdc_vcp.o
LOAD ..\obj\arm_fir_decimate_init_q15.o
LOAD ..\obj\arm_float_to_q15.o
LOAD ..\obj\BLE.o
LOAD ..\obj\arm_lms_norm_init_f32.o
LOAD ..\obj\arm_mean_f32.o
LOAD ..\obj\arm_cos_q15.o
LOAD ..\obj\arm_dct4_q31.o
LOAD ..\obj\system_stm32f4xx.o
LOAD ..\obj\syscalls.o
LOAD ..\obj\arm_lms_q15.o
LOAD ..\obj\arm_biquad_cascade_df1_fast_q15.o
LOAD ..\obj\arm_fir_init_q31.o
LOAD ..\obj\arm_negate_q15.o
LOAD ..\obj\stm32f4xx_dma.o
LOAD ..\obj\arm_sqrt_q15.o
LOAD ..\obj\arm_fir_decimate_init_f32.o
LOAD ..\obj\arm_var_q15.o
LOAD ..\obj\arm_cmplx_conj_q31.o
LOAD ..\obj\stm32F4xx_fft.o
LOAD ..\obj\arm_mat_trans_q15.o
LOAD ..\obj\arm_offset_q15.o
LOAD ..\obj\arm_mat_sub_q15.o
LOAD ..\obj\arm_cos_f32.o
LOAD ..\obj\arm_iir_lattice_q31.o
LOAD ..\obj\arm_lms_f32.o
LOAD ..\obj\usb_bsp.o
LOAD ..\obj\arm_negate_f32.o
LOAD ..\obj\arm_cmplx_mult_cmplx_q15.o
LOAD ..\obj\arm_mat_mult_fast_q15.o
LOAD ..\obj\usbd_req.o
LOAD ..\obj\arm_conv_fast_q15.o
LOAD ..\obj\arm_var_f32.o
LOAD ..\obj\arm_mat_scale_q15.o
LOAD ..\obj\arm_mat_sub_f32.o
LOAD ..\obj\arm_offset_f32.o
LOAD ..\obj\arm_mat_trans_f32.o
LOAD ..\obj\usb_dcd_int.o
LOAD ..\obj\arm_power_q31.o
LOAD ..\obj\FIR_Filter.o
LOAD ..\obj\arm_power_q7.o
LOAD ..\obj\arm_cmplx_mult_cmplx_f32.o
LOAD ..\obj\arm_fir_fast_q31.o
LOAD ..\obj\arm_cfft_radix2_q15.o
LOAD ..\obj\arm_mat_scale_f32.o
LOAD ..\obj\usbd_cdc_core.o
LOAD ..\obj\ff.o
LOAD ..\obj\user_string.o
LOAD ..\obj\arm_lms_norm_q31.o
LOAD ..\obj\arm_cmplx_mag_q31.o
LOAD ..\obj\arm_offset_q7.o
LOAD ..\obj\arm_fir_decimate_q31.o
LOAD ..\obj\arm_pid_init_q15.o
LOAD ..\obj\cmd_def.o
LOAD ..\obj\arm_copy_q31.o
LOAD ..\obj\arm_pid_reset_q31.o
LOAD ..\obj\arm_cfft_radix2_f32.o
LOAD ..\obj\arm_correlate_opt_q15.o
LOAD ..\obj\stm32f4xx_spi.o
LOAD ..\obj\arm_conv_opt_q7.o
LOAD ..\obj\gcode_parser.o
LOAD ..\obj\arm_pid_init_f32.o
LOAD ..\obj\arm_cmplx_mag_squared_q31.o
LOAD ..\obj\arm_scale_q15.o
LOAD ..\obj\arm_fir_q31.o
LOAD ..\obj\arm_mult_q7.o
LOAD ..\obj\arm_add_q31.o
LOAD ..\obj\stm32f4xx_exti.o
LOAD ..\obj\arm_fir_sparse_init_q15.o
LOAD ..\obj\arm_fir_interpolate_q31.o
LOAD ..\obj\misc.o
LOAD ..\obj\arm_cmplx_mult_real_q15.o
LOAD ..\obj\arm_sin_cos_f32.o
LOAD ..\obj\usb_dcd.o
LOAD ..\obj\arm_scale_f32.o
LOAD ..\obj\arm_max_q7.o
LOAD ..\obj\arm_min_q7.o
LOAD ..\obj\arm_fill_q15.o
LOAD ..\obj\arm_fir_sparse_init_f32.o
LOAD ..\obj\graphics.o
LOAD ..\obj\arm_cmplx_mult_real_f32.o
LOAD ..\obj\arm_sin_q15.o
LOAD ..\obj\arm_biquad_cascade_df2T_f32.o
LOAD ..\obj\arm_lms_norm_init_q31.o
LOAD ..\obj\arm_mean_q31.o
LOAD ..\obj\stm32fxxx_it.o
LOAD ..\obj\arm_fill_f32.o
LOAD ..\obj\arm_q31_to_q15.o
LOAD ..\obj\arm_fir_decimate_init_q31.o
LOAD ..\obj\driver_dogm128.o
LOAD ..\obj\arm_sin_f32.o
LOAD ..\obj\arm_correlate_q15.o
LOAD ..\obj\arm_float_to_q31.o
LOAD ..\obj\arm_max_q15.o
LOAD ..\obj\arm_mean_q7.o
LOAD ..\obj\usbd_ioreq.o
LOAD ..\obj\arm_cos_q31.o
LOAD ..\obj\aux_routines.o
LOAD ..\obj\arm_cfft_radix4_init_q15.o
LOAD ..\obj\arm_lms_q31.o
LOAD ..\obj\arm_biquad_cascade_df1_fast_q31.o
LOAD ..\obj\arm_negate_q31.o
LOAD ..\obj\arm_sqrt_q31.o
LOAD ..\obj\arm_bitreversal.o
LOAD ..\obj\arm_dot_prod_q7.o
LOAD ..\obj\arm_correlate_f32.o
LOAD ..\obj\arm_max_f32.o
LOAD ..\obj\arm_var_q31.o
LOAD ..\obj\arm_mat_mult_q15.o
LOAD ..\obj\PGA_Ctrl.o
LOAD ..\obj\arm_fir_interpolate_init_q15.o
LOAD ..\obj\arm_mat_sub_q31.o
LOAD ..\obj\arm_mat_trans_q31.o
LOAD ..\obj\arm_offset_q31.o
LOAD ..\obj\arm_shift_q15.o
LOAD ..\obj\arm_cfft_radix4_init_f32.o
LOAD ..\obj\arm_copy_q7.o
LOAD ..\obj\stm32f4xx_tim.o
LOAD ..\obj\sd_spi_stm32.o
LOAD ..\obj\arm_mult_q15.o
LOAD ..\obj\arm_sub_q7.o
LOAD ..\obj\stm32adc.o
LOAD ..\obj\arm_correlate_opt_q7.o
LOAD ..\obj\arm_cmplx_mult_cmplx_q31.o
LOAD ..\obj\arm_mat_mult_fast_q31.o
LOAD ..\obj\arm_conv_fast_q31.o
LOAD ..\obj\arm_mat_mult_f32.o
LOAD ..\obj\arm_mat_scale_q31.o
LOAD ..\obj\arm_fir_interpolate_init_f32.o
LOAD ..\obj\arm_mat_add_q15.o
LOAD ..\obj\arm_mult_f32.o
LOAD ..\..\..\libarm_cortexm4lf_math.a
LOAD ..\..\..\..\..\..\..\Program Files (x86)\GNU Tools ARM Embedded\4.9 2014q4\arm-none-eabi\lib\armv7e-m\fpu\libstdc++.a
LOAD ..\..\..\..\..\..\..\Program Files (x86)\GNU Tools ARM Embedded\4.9 2014q4\arm-none-eabi\lib\armv7e-m\fpu\libm.a
LOAD ..\..\..\..\..\..\..\Program Files (x86)\GNU Tools ARM Embedded\4.9 2014q4\lib\gcc\arm-none-eabi\4.9.3\armv7e-m\fpu\libgcc.a
START GROUP
LOAD ..\..\..\..\..\..\..\Program Files (x86)\GNU Tools ARM Embedded\4.9 2014q4\lib\gcc\arm-none-eabi\4.9.3\armv7e-m\fpu\libgcc.a
LOAD ..\..\..\..\..\..\..\Program Files (x86)\GNU Tools ARM Embedded\4.9 2014q4\arm-none-eabi\lib\armv7e-m\fpu\libg.a
LOAD ..\..\..\..\..\..\..\Program Files (x86)\GNU Tools ARM Embedded\4.9 2014q4\arm-none-eabi\lib\armv7e-m\fpu\libc.a
END GROUP
LOAD c:/program files (x86)/gnu tools arm embedded/4.9 2014q4/bin/../lib/gcc/arm-none-eabi/4.9.3/armv7e-m/fpu/crtend.o
LOAD c:/program files (x86)/gnu tools arm embedded/4.9 2014q4/bin/../lib/gcc/arm-none-eabi/4.9.3/armv7e-m/fpu/crtn.o
OUTPUT(ATL_DG_F4.elf elf32-littlearm)

.ARM.attributes
                0x00000000       0x30
 .ARM.attributes
                0x00000000       0x22 c:/program files (x86)/gnu tools arm embedded/4.9 2014q4/bin/../lib/gcc/arm-none-eabi/4.9.3/armv7e-m/fpu/crti.o
 .ARM.attributes
                0x00000022       0x34 c:/program files (x86)/gnu tools arm embedded/4.9 2014q4/bin/../lib/gcc/arm-none-eabi/4.9.3/armv7e-m/fpu/crtbegin.o
 .ARM.attributes
                0x00000056       0x39 ..\obj\usb_core.o
 .ARM.attributes
                0x0000008f       0x39 ..\obj\stm32serial.o
 .ARM.attributes
                0x000000c8       0x39 ..\obj\usbd_usr.o
 .ARM.attributes
                0x00000101       0x39 ..\obj\arm_common_tables.o
 .ARM.attributes
                0x0000013a       0x39 ..\obj\Circle_fitting.o
 .ARM.attributes
                0x00000173       0x39 ..\obj\stm32f4xx_usart.o
 .ARM.attributes
                0x000001ac       0x39 ..\obj\util.o
 .ARM.attributes
                0x000001e5       0x39 ..\obj\arm_cfft_radix4_init_q31.o
 .ARM.attributes
                0x0000021e       0x39 ..\obj\stm32f4xx_dac.o
 .ARM.attributes
                0x00000257       0x39 ..\obj\startup_stm32f4xx.o
 .ARM.attributes
                0x00000290       0x39 ..\obj\arm_cfft_radix4_q31.o
 .ARM.attributes
                0x000002c9       0x39 ..\obj\usbd_core.o
 .ARM.attributes
                0x00000302       0x39 ..\obj\main.o
 .ARM.attributes
                0x0000033b       0x39 ..\obj\stm32f4xx_rcc.o
 .ARM.attributes
                0x00000374       0x39 ..\obj\stm32f4xx_adc.o
 .ARM.attributes
                0x000003ad       0x39 ..\obj\arm_fir_init_f32.o
 .ARM.attributes
                0x000003e6       0x39 ..\obj\BGT24_Ctrl.o
 .ARM.attributes
                0x0000041f       0x39 ..\obj\usbd_desc.o
 .ARM.attributes
                0x00000458       0x39 ..\obj\arm_fir_f32.o
 .ARM.attributes
                0x00000491       0x39 ..\obj\stm32f4xx_gpio.o
 .ARM.attributes
                0x000004ca       0x39 ..\obj\usbd_cdc_vcp.o
 .ARM.attributes
                0x00000503       0x39 ..\obj\BLE.o
 .ARM.attributes
                0x0000053c       0x39 ..\obj\system_stm32f4xx.o
 .ARM.attributes
                0x00000575       0x39 ..\obj\syscalls.o
 .ARM.attributes
                0x000005ae       0x39 ..\obj\stm32f4xx_dma.o
 .ARM.attributes
                0x000005e7       0x39 ..\obj\stm32F4xx_fft.o
 .ARM.attributes
                0x00000620       0x39 ..\obj\usb_bsp.o
 .ARM.attributes
                0x00000659       0x39 ..\obj\usbd_req.o
 .ARM.attributes
                0x00000692       0x39 ..\obj\usb_dcd_int.o
 .ARM.attributes
                0x000006cb       0x39 ..\obj\FIR_Filter.o
 .ARM.attributes
                0x00000704       0x39 ..\obj\usbd_cdc_core.o
 .ARM.attributes
                0x0000073d       0x39 ..\obj\arm_cmplx_mag_q31.o
 .ARM.attributes
                0x00000776       0x39 ..\obj\stm32f4xx_spi.o
 .ARM.attributes
                0x000007af       0x39 ..\obj\gcode_parser.o
 .ARM.attributes
                0x000007e8       0x39 ..\obj\stm32f4xx_exti.o
 .ARM.attributes
                0x00000821       0x39 ..\obj\misc.o
 .ARM.attributes
                0x0000085a       0x39 ..\obj\usb_dcd.o
 .ARM.attributes
                0x00000893       0x39 ..\obj\stm32fxxx_it.o
 .ARM.attributes
                0x000008cc       0x39 ..\obj\driver_dogm128.o
 .ARM.attributes
                0x00000905       0x39 ..\obj\usbd_ioreq.o
 .ARM.attributes
                0x0000093e       0x39 ..\obj\arm_sqrt_q31.o
 .ARM.attributes
                0x00000977       0x39 ..\obj\arm_bitreversal.o
 .ARM.attributes
                0x000009b0       0x39 ..\obj\PGA_Ctrl.o
 .ARM.attributes
                0x000009e9       0x39 ..\obj\stm32f4xx_tim.o
 .ARM.attributes
                0x00000a22       0x39 ..\obj\stm32adc.o
 .ARM.attributes
                0x00000a5b       0x34 ..\..\..\..\..\..\..\Program Files (x86)\GNU Tools ARM Embedded\4.9 2014q4\arm-none-eabi\lib\armv7e-m\fpu\libm.a(lib_a-w_sqrt.o)
 .ARM.attributes
                0x00000a8f       0x34 ..\..\..\..\..\..\..\Program Files (x86)\GNU Tools ARM Embedded\4.9 2014q4\arm-none-eabi\lib\armv7e-m\fpu\libm.a(lib_a-wf_atan2.o)
 .ARM.attributes
                0x00000ac3       0x34 ..\..\..\..\..\..\..\Program Files (x86)\GNU Tools ARM Embedded\4.9 2014q4\arm-none-eabi\lib\armv7e-m\fpu\libm.a(lib_a-e_sqrt.o)
 .ARM.attributes
                0x00000af7       0x34 ..\..\..\..\..\..\..\Program Files (x86)\GNU Tools ARM Embedded\4.9 2014q4\arm-none-eabi\lib\armv7e-m\fpu\libm.a(lib_a-ef_atan2.o)
 .ARM.attributes
                0x00000b2b       0x34 ..\..\..\..\..\..\..\Program Files (x86)\GNU Tools ARM Embedded\4.9 2014q4\arm-none-eabi\lib\armv7e-m\fpu\libm.a(lib_a-s_fpclassify.o)
 .ARM.attributes
                0x00000b5f       0x34 ..\..\..\..\..\..\..\Program Files (x86)\GNU Tools ARM Embedded\4.9 2014q4\arm-none-eabi\lib\armv7e-m\fpu\libm.a(lib_a-s_lib_ver.o)
 .ARM.attributes
                0x00000b93       0x34 ..\..\..\..\..\..\..\Program Files (x86)\GNU Tools ARM Embedded\4.9 2014q4\arm-none-eabi\lib\armv7e-m\fpu\libm.a(lib_a-s_matherr.o)
 .ARM.attributes
                0x00000bc7       0x34 ..\..\..\..\..\..\..\Program Files (x86)\GNU Tools ARM Embedded\4.9 2014q4\arm-none-eabi\lib\armv7e-m\fpu\libm.a(lib_a-sf_atan.o)
 .ARM.attributes
                0x00000bfb       0x34 ..\..\..\..\..\..\..\Program Files (x86)\GNU Tools ARM Embedded\4.9 2014q4\arm-none-eabi\lib\armv7e-m\fpu\libm.a(lib_a-sf_fabs.o)
 .ARM.attributes
                0x00000c2f       0x22 ..\..\..\..\..\..\..\Program Files (x86)\GNU Tools ARM Embedded\4.9 2014q4\lib\gcc\arm-none-eabi\4.9.3\armv7e-m\fpu\libgcc.a(_arm_addsubdf3.o)
 .ARM.attributes
                0x00000c51       0x22 ..\..\..\..\..\..\..\Program Files (x86)\GNU Tools ARM Embedded\4.9 2014q4\lib\gcc\arm-none-eabi\4.9.3\armv7e-m\fpu\libgcc.a(_arm_muldivdf3.o)
 .ARM.attributes
                0x00000c73       0x22 ..\..\..\..\..\..\..\Program Files (x86)\GNU Tools ARM Embedded\4.9 2014q4\lib\gcc\arm-none-eabi\4.9.3\armv7e-m\fpu\libgcc.a(_arm_cmpdf2.o)
 .ARM.attributes
                0x00000c95       0x22 ..\..\..\..\..\..\..\Program Files (x86)\GNU Tools ARM Embedded\4.9 2014q4\lib\gcc\arm-none-eabi\4.9.3\armv7e-m\fpu\libgcc.a(_arm_fixdfsi.o)
 .ARM.attributes
                0x00000cb7       0x22 ..\..\..\..\..\..\..\Program Files (x86)\GNU Tools ARM Embedded\4.9 2014q4\lib\gcc\arm-none-eabi\4.9.3\armv7e-m\fpu\libgcc.a(_arm_truncdfsf2.o)
 .ARM.attributes
                0x00000cd9       0x34 ..\..\..\..\..\..\..\Program Files (x86)\GNU Tools ARM Embedded\4.9 2014q4\lib\gcc\arm-none-eabi\4.9.3\armv7e-m\fpu\libgcc.a(bpabi.o)
 .ARM.attributes
                0x00000d0d       0x22 ..\..\..\..\..\..\..\Program Files (x86)\GNU Tools ARM Embedded\4.9 2014q4\lib\gcc\arm-none-eabi\4.9.3\armv7e-m\fpu\libgcc.a(_dvmd_tls.o)
 .ARM.attributes
                0x00000d2f       0x34 ..\..\..\..\..\..\..\Program Files (x86)\GNU Tools ARM Embedded\4.9 2014q4\lib\gcc\arm-none-eabi\4.9.3\armv7e-m\fpu\libgcc.a(_divdi3.o)
 .ARM.attributes
                0x00000d63       0x34 ..\..\..\..\..\..\..\Program Files (x86)\GNU Tools ARM Embedded\4.9 2014q4\lib\gcc\arm-none-eabi\4.9.3\armv7e-m\fpu\libgcc.a(_udivdi3.o)
 .ARM.attributes
                0x00000d97       0x34 ..\..\..\..\..\..\..\Program Files (x86)\GNU Tools ARM Embedded\4.9 2014q4\arm-none-eabi\lib\armv7e-m\fpu\libg.a(lib_a-errno.o)
 .ARM.attributes
                0x00000dcb       0x34 ..\..\..\..\..\..\..\Program Files (x86)\GNU Tools ARM Embedded\4.9 2014q4\arm-none-eabi\lib\armv7e-m\fpu\libg.a(lib_a-impure.o)
 .ARM.attributes
                0x00000dff       0x34 ..\..\..\..\..\..\..\Program Files (x86)\GNU Tools ARM Embedded\4.9 2014q4\arm-none-eabi\lib\armv7e-m\fpu\libg.a(lib_a-memset.o)
 .ARM.attributes
                0x00000e33       0x34 ..\..\..\..\..\..\..\Program Files (x86)\GNU Tools ARM Embedded\4.9 2014q4\arm-none-eabi\lib\armv7e-m\fpu\libg.a(lib_a-vsprintf.o)
 .ARM.attributes
                0x00000e67       0x34 ..\..\..\..\..\..\..\Program Files (x86)\GNU Tools ARM Embedded\4.9 2014q4\arm-none-eabi\lib\armv7e-m\fpu\libg.a(lib_a-__call_atexit.o)
 .ARM.attributes
                0x00000e9b       0x34 ..\..\..\..\..\..\..\Program Files (x86)\GNU Tools ARM Embedded\4.9 2014q4\arm-none-eabi\lib\armv7e-m\fpu\libg.a(lib_a-atexit.o)
 .ARM.attributes
                0x00000ecf       0x34 ..\..\..\..\..\..\..\Program Files (x86)\GNU Tools ARM Embedded\4.9 2014q4\arm-none-eabi\lib\armv7e-m\fpu\libg.a(lib_a-dtoa.o)
 .ARM.attributes